      Info: Package cache path /home/runner/.nimble/pkgcache
     Info:  Nimble data file "/home/runner/.nimble/nimbledata2.json" has been loaded.
    Reading official package list
   Fetching https://github.com/hamidb80/macroplus using git
    Cloning latest tagged version: 0.2.5
open('/home/runner/.config/nimble/nimble.ini', 557056, 0x00000000000001b6)
writev(1, 0x00007ffcb3504100, 2)
open('/home/runner/.nimble/nimbledata2.json', 557056, 0x00000000000001b6)
writev(1, 0x00007ffcb35041d0, 2)
open('/home/runner/work/nim_packages_security_audit/nim_packages_security_audit', 622592, 0x0000000000000000)
open('/home/runner/work/nim_packages_security_audit/nim_packages_security_audit', 622592, 0x0000000000000000)
writev(1, 0x00007ffcb3502f20, 2)
open('/home/runner/.nimble/packages_official.json', 557056, 0x00000000000001b6)
mkdir('/home/', 0x00000000000001ff)
mkdir('/home/runner/', 0x00000000000001ff)
mkdir('/home/runner/.nimble/', 0x00000000000001ff)
mkdir('/home/runner/.nimble/pkgcache/', 0x00000000000001ff)
mkdir('/home/runner/.nimble/pkgcache/githubcom_hamidb80macroplus', 0x00000000000001ff)
open('/home/runner/.nimble/pkgcache/githubcom_hamidb80macroplus', 622592, 0x0000000000000000)
open('/home/runner/.nimble/pkgcache/githubcom_hamidb80macroplus', 622592, 0x0000000000000000)
writev(1, 0x00007ffcb3502d40, 2)
open('/home/runner/.nimble/pkgcache/githubcom_hamidb80macroplus', 622592, 0x0000000000000000)
rmdir('/home/runner/.nimble/pkgcache/githubcom_hamidb80macroplus')
writev(1, 0x00007ffcb3502bf0, 2)
mkdir(94484048590848, 0x00000000000001ff)
Error tracing process: readBytes(0x000055eec8273800, 256) error: [Errno 5] Input/output error.
