      Info: Package cache path /home/runner/.nimble/pkgcache
     Info:  Nimble data file "/home/runner/.nimble/nimbledata2.json" has been loaded.
    Reading official package list
   Fetching https://github.com/Araq/malebolgia using git
    Cloning latest tagged version: 1.3.2
open('/home/runner/.config/nimble/nimble.ini', 557056, 0x00000000000001b6)
writev(1, 0x00007ffd0408aa20, 2)
open('/home/runner/.nimble/nimbledata2.json', 557056, 0x00000000000001b6)
writev(1, 0x00007ffd0408aaf0, 2)
open('/home/runner/work/nim_packages_security_audit/nim_packages_security_audit', 622592, 0x0000000000000000)
open('/home/runner/work/nim_packages_security_audit/nim_packages_security_audit', 622592, 0x0000000000000000)
writev(1, 0x00007ffd04089840, 2)
open('/home/runner/.nimble/packages_official.json', 557056, 0x00000000000001b6)
mkdir('/home/', 0x00000000000001ff)
mkdir('/home/runner/', 0x00000000000001ff)
mkdir('/home/runner/.nimble/', 0x00000000000001ff)
mkdir('/home/runner/.nimble/pkgcache/', 0x00000000000001ff)
mkdir('/home/runner/.nimble/pkgcache/githubcom_Araqmalebolgia', 0x00000000000001ff)
open('/home/runner/.nimble/pkgcache/githubcom_Araqmalebolgia', 622592, 0x0000000000000000)
open('/home/runner/.nimble/pkgcache/githubcom_Araqmalebolgia', 622592, 0x0000000000000000)
writev(1, 0x00007ffd04089660, 2)
open('/home/runner/.nimble/pkgcache/githubcom_Araqmalebolgia', 622592, 0x0000000000000000)
rmdir('/home/runner/.nimble/pkgcache/githubcom_Araqmalebolgia')
writev(1, 0x00007ffd04089510, 2)
mkdir(94372346095520, 0x00000000000001ff)
Error tracing process: readBytes(0x000055d4c62a67a0, 256) error: [Errno 5] Input/output error.
