      Info: Package cache path /home/runner/.nimble/pkgcache
     Info:  Nimble data file "/home/runner/.nimble/nimbledata2.json" has been loaded.
    Reading official package list
   Fetching https://github.com/soasme/nim-markdown using git
    Cloning latest tagged version: v0.8.8
open('/home/runner/.config/nimble/nimble.ini', 557056, 0x00000000000001b6)
writev(1, 0x00007ffeb122de50, 2)
open('/home/runner/.nimble/nimbledata2.json', 557056, 0x00000000000001b6)
writev(1, 0x00007ffeb122df20, 2)
open('/home/runner/work/nim_packages_security_audit/nim_packages_security_audit', 622592, 0x0000000000000000)
open('/home/runner/work/nim_packages_security_audit/nim_packages_security_audit', 622592, 0x0000000000000000)
writev(1, 0x00007ffeb122cc70, 2)
open('/home/runner/.nimble/packages_official.json', 557056, 0x00000000000001b6)
mkdir('/home/', 0x00000000000001ff)
mkdir('/home/runner/', 0x00000000000001ff)
mkdir('/home/runner/.nimble/', 0x00000000000001ff)
mkdir('/home/runner/.nimble/pkgcache/', 0x00000000000001ff)
mkdir('/home/runner/.nimble/pkgcache/githubcom_soasmenimmarkdown', 0x00000000000001ff)
open('/home/runner/.nimble/pkgcache/githubcom_soasmenimmarkdown', 622592, 0x0000000000000000)
open('/home/runner/.nimble/pkgcache/githubcom_soasmenimmarkdown', 622592, 0x0000000000000000)
writev(1, 0x00007ffeb122ca90, 2)
open('/home/runner/.nimble/pkgcache/githubcom_soasmenimmarkdown', 622592, 0x0000000000000000)
rmdir('/home/runner/.nimble/pkgcache/githubcom_soasmenimmarkdown')
writev(1, 0x00007ffeb122c940, 2)
mkdir(94533872269312, 0x00000000000001ff)
Error tracing process: readBytes(0x000055fa61e03800, 256) error: [Errno 5] Input/output error.
