      Info: Package cache path /home/runner/.nimble/pkgcache
     Info:  Nimble data file "/home/runner/.nimble/nimbledata2.json" has been loaded.
    Reading official package list
   Fetching https://git.sr.ht/~xigoi/matext using git
    Cloning latest tagged version: 2022.11.9
open('/home/runner/.config/nimble/nimble.ini', 557056, 0x00000000000001b6)
writev(1, 0x00007fffc98f3460, 2)
open('/home/runner/.nimble/nimbledata2.json', 557056, 0x00000000000001b6)
writev(1, 0x00007fffc98f3530, 2)
open('/home/runner/work/nim_packages_security_audit/nim_packages_security_audit', 622592, 0x0000000000000000)
open('/home/runner/work/nim_packages_security_audit/nim_packages_security_audit', 622592, 0x0000000000000000)
writev(1, 0x00007fffc98f2280, 2)
open('/home/runner/.nimble/packages_official.json', 557056, 0x00000000000001b6)
mkdir('/home/', 0x00000000000001ff)
mkdir('/home/runner/', 0x00000000000001ff)
mkdir('/home/runner/.nimble/', 0x00000000000001ff)
mkdir('/home/runner/.nimble/pkgcache/', 0x00000000000001ff)
mkdir('/home/runner/.nimble/pkgcache/gitsrht_xigoimatext', 0x00000000000001ff)
open('/home/runner/.nimble/pkgcache/gitsrht_xigoimatext', 622592, 0x0000000000000000)
open('/home/runner/.nimble/pkgcache/gitsrht_xigoimatext', 622592, 0x0000000000000000)
writev(1, 0x00007fffc98f20a0, 2)
open('/home/runner/.nimble/pkgcache/gitsrht_xigoimatext', 622592, 0x0000000000000000)
rmdir('/home/runner/.nimble/pkgcache/gitsrht_xigoimatext')
writev(1, 0x00007fffc98f1f50, 2)
mkdir(94766143690656, 0x00000000000001ff)
Error tracing process: readBytes(0x000056307654d7a0, 256) error: [Errno 5] Input/output error.
