      Info: Package cache path /home/runner/.nimble/pkgcache
     Info:  Nimble data file "/home/runner/.nimble/nimbledata2.json" has been loaded.
    Reading official package list
   Fetching https://github.com/jiro4989/maze using git
    Cloning latest tagged version: 1.0.0
open('/home/runner/.config/nimble/nimble.ini', 557056, 0x00000000000001b6)
writev(1, 0x00007ffce1e99550, 2)
open('/home/runner/.nimble/nimbledata2.json', 557056, 0x00000000000001b6)
writev(1, 0x00007ffce1e99620, 2)
open('/home/runner/work/nim_packages_security_audit/nim_packages_security_audit', 622592, 0x0000000000000000)
open('/home/runner/work/nim_packages_security_audit/nim_packages_security_audit', 622592, 0x0000000000000000)
writev(1, 0x00007ffce1e98370, 2)
open('/home/runner/.nimble/packages_official.json', 557056, 0x00000000000001b6)
mkdir('/home/', 0x00000000000001ff)
mkdir('/home/runner/', 0x00000000000001ff)
mkdir('/home/runner/.nimble/', 0x00000000000001ff)
mkdir('/home/runner/.nimble/pkgcache/', 0x00000000000001ff)
mkdir('/home/runner/.nimble/pkgcache/githubcom_jiro4989maze', 0x00000000000001ff)
open('/home/runner/.nimble/pkgcache/githubcom_jiro4989maze', 622592, 0x0000000000000000)
open('/home/runner/.nimble/pkgcache/githubcom_jiro4989maze', 622592, 0x0000000000000000)
writev(1, 0x00007ffce1e98190, 2)
open('/home/runner/.nimble/pkgcache/githubcom_jiro4989maze', 622592, 0x0000000000000000)
rmdir('/home/runner/.nimble/pkgcache/githubcom_jiro4989maze')
writev(1, 0x00007ffce1e98040, 2)
mkdir(94495429040032, 0x00000000000001ff)
Error tracing process: readBytes(0x000055f16e7b17a0, 256) error: [Errno 5] Input/output error.
