      Info: Package cache path /home/runner/.nimble/pkgcache
     Info:  Nimble data file "/home/runner/.nimble/nimbledata2.json" has been loaded.
    Reading official package list
   Fetching https://gitlab.com/malicious-commit-detector/mcd using git
    Cloning latest tagged version: 0.3.2
open('/home/runner/.config/nimble/nimble.ini', 557056, 0x00000000000001b6)
writev(1, 0x00007ffc402a7600, 2)
open('/home/runner/.nimble/nimbledata2.json', 557056, 0x00000000000001b6)
writev(1, 0x00007ffc402a76d0, 2)
open('/home/runner/work/nim_packages_security_audit/nim_packages_security_audit', 622592, 0x0000000000000000)
open('/home/runner/work/nim_packages_security_audit/nim_packages_security_audit', 622592, 0x0000000000000000)
writev(1, 0x00007ffc402a6420, 2)
open('/home/runner/.nimble/packages_official.json', 557056, 0x00000000000001b6)
mkdir('/home/', 0x00000000000001ff)
mkdir('/home/runner/', 0x00000000000001ff)
mkdir('/home/runner/.nimble/', 0x00000000000001ff)
mkdir('/home/runner/.nimble/pkgcache/', 0x00000000000001ff)
mkdir('/home/runner/.nimble/pkgcache/gitlabcom_maliciouscommitdetectormcd', 0x00000000000001ff)
open('/home/runner/.nimble/pkgcache/gitlabcom_maliciouscommitdetectormcd', 622592, 0x0000000000000000)
open('/home/runner/.nimble/pkgcache/gitlabcom_maliciouscommitdetectormcd', 622592, 0x0000000000000000)
writev(1, 0x00007ffc402a6240, 2)
open('/home/runner/.nimble/pkgcache/gitlabcom_maliciouscommitdetectormcd', 622592, 0x0000000000000000)
rmdir('/home/runner/.nimble/pkgcache/gitlabcom_maliciouscommitdetectormcd')
writev(1, 0x00007ffc402a60f0, 2)
mkdir(93969487632400, 0x00000000000001ff)
Error tracing process: readBytes(0x00005576f9ee1810, 256) error: [Errno 5] Input/output error.
