      Info: Package cache path /home/runner/.nimble/pkgcache
     Info:  Nimble data file "/home/runner/.nimble/nimbledata2.json" has been loaded.
    Reading official package list
   Fetching https://github.com/infinoid/md4.nim using git
    Cloning latest tagged version: 1.0.0
open('/home/runner/.config/nimble/nimble.ini', 557056, 0x00000000000001b6)
writev(1, 0x00007fff8a97fe90, 2)
open('/home/runner/.nimble/nimbledata2.json', 557056, 0x00000000000001b6)
writev(1, 0x00007fff8a97ff60, 2)
open('/home/runner/work/nim_packages_security_audit/nim_packages_security_audit', 622592, 0x0000000000000000)
open('/home/runner/work/nim_packages_security_audit/nim_packages_security_audit', 622592, 0x0000000000000000)
writev(1, 0x00007fff8a97ecb0, 2)
open('/home/runner/.nimble/packages_official.json', 557056, 0x00000000000001b6)
mkdir('/home/', 0x00000000000001ff)
mkdir('/home/runner/', 0x00000000000001ff)
mkdir('/home/runner/.nimble/', 0x00000000000001ff)
mkdir('/home/runner/.nimble/pkgcache/', 0x00000000000001ff)
mkdir('/home/runner/.nimble/pkgcache/githubcom_infinoidmd4nim', 0x00000000000001ff)
open('/home/runner/.nimble/pkgcache/githubcom_infinoidmd4nim', 622592, 0x0000000000000000)
open('/home/runner/.nimble/pkgcache/githubcom_infinoidmd4nim', 622592, 0x0000000000000000)
writev(1, 0x00007fff8a97ead0, 2)
open('/home/runner/.nimble/pkgcache/githubcom_infinoidmd4nim', 622592, 0x0000000000000000)
rmdir('/home/runner/.nimble/pkgcache/githubcom_infinoidmd4nim')
writev(1, 0x00007fff8a97e980, 2)
mkdir(94036177385376, 0x00000000000001ff)
Error tracing process: readBytes(0x0000558680f2f7a0, 256) error: [Errno 5] Input/output error.
