      Info: Package cache path /home/runner/.nimble/pkgcache
     Info:  Nimble data file "/home/runner/.nimble/nimbledata2.json" has been loaded.
    Reading official package list
   Fetching https://github.com/jxy/MDevolve using git
    Cloning latest tagged version: v1.0.0
open('/home/runner/.config/nimble/nimble.ini', 557056, 0x00000000000001b6)
writev(1, 0x00007ffdec42df40, 2)
open('/home/runner/.nimble/nimbledata2.json', 557056, 0x00000000000001b6)
writev(1, 0x00007ffdec42e010, 2)
open('/home/runner/work/nim_packages_security_audit/nim_packages_security_audit', 622592, 0x0000000000000000)
open('/home/runner/work/nim_packages_security_audit/nim_packages_security_audit', 622592, 0x0000000000000000)
writev(1, 0x00007ffdec42cd60, 2)
open('/home/runner/.nimble/packages_official.json', 557056, 0x00000000000001b6)
mkdir('/home/', 0x00000000000001ff)
mkdir('/home/runner/', 0x00000000000001ff)
mkdir('/home/runner/.nimble/', 0x00000000000001ff)
mkdir('/home/runner/.nimble/pkgcache/', 0x00000000000001ff)
mkdir('/home/runner/.nimble/pkgcache/githubcom_jxyMDevolve', 0x00000000000001ff)
open('/home/runner/.nimble/pkgcache/githubcom_jxyMDevolve', 622592, 0x0000000000000000)
open('/home/runner/.nimble/pkgcache/githubcom_jxyMDevolve', 622592, 0x0000000000000000)
writev(1, 0x00007ffdec42cb80, 2)
open('/home/runner/.nimble/pkgcache/githubcom_jxyMDevolve', 622592, 0x0000000000000000)
rmdir('/home/runner/.nimble/pkgcache/githubcom_jxyMDevolve')
writev(1, 0x00007ffdec42ca30, 2)
mkdir(94441649952672, 0x00000000000001ff)
Error tracing process: readBytes(0x000055e4e8ff57a0, 256) error: [Errno 5] Input/output error.
