      Info: Package cache path /home/runner/.nimble/pkgcache
     Info:  Nimble data file "/home/runner/.nimble/nimbledata2.json" has been loaded.
    Reading official package list
   Fetching https://github.com/SciNim/Measuremancer using git
    Cloning latest tagged version: v0.2.9
open('/home/runner/.config/nimble/nimble.ini', 557056, 0x00000000000001b6)
writev(1, 0x00007ffe5b7f1a50, 2)
open('/home/runner/.nimble/nimbledata2.json', 557056, 0x00000000000001b6)
writev(1, 0x00007ffe5b7f1b20, 2)
open('/home/runner/work/nim_packages_security_audit/nim_packages_security_audit', 622592, 0x0000000000000000)
open('/home/runner/work/nim_packages_security_audit/nim_packages_security_audit', 622592, 0x0000000000000000)
writev(1, 0x00007ffe5b7f0870, 2)
open('/home/runner/.nimble/packages_official.json', 557056, 0x00000000000001b6)
mkdir('/home/', 0x00000000000001ff)
mkdir('/home/runner/', 0x00000000000001ff)
mkdir('/home/runner/.nimble/', 0x00000000000001ff)
mkdir('/home/runner/.nimble/pkgcache/', 0x00000000000001ff)
mkdir('/home/runner/.nimble/pkgcache/githubcom_SciNimMeasuremancer', 0x00000000000001ff)
open('/home/runner/.nimble/pkgcache/githubcom_SciNimMeasuremancer', 622592, 0x0000000000000000)
open('/home/runner/.nimble/pkgcache/githubcom_SciNimMeasuremancer', 622592, 0x0000000000000000)
writev(1, 0x00007ffe5b7f0690, 2)
open('/home/runner/.nimble/pkgcache/githubcom_SciNimMeasuremancer', 622592, 0x0000000000000000)
rmdir('/home/runner/.nimble/pkgcache/githubcom_SciNimMeasuremancer')
writev(1, 0x00007ffe5b7f0540, 2)
mkdir(94617819826176, 0x00000000000001ff)
Error tracing process: readBytes(0x0000560ded8a4800, 256) error: [Errno 5] Input/output error.
