      Info: Package cache path /home/runner/.nimble/pkgcache
     Info:  Nimble data file "/home/runner/.nimble/nimbledata2.json" has been loaded.
    Reading official package list
   Fetching https://github.com/nimamasl114514/memkit using git
   Warning: The package https://github.com/nimamasl114514/memkit has no tagged releases, downloading HEAD instead.
open('/home/runner/.config/nimble/nimble.ini', 557056, 0x00000000000001b6)
writev(1, 0x00007ffcab898d90, 2)
open('/home/runner/.nimble/nimbledata2.json', 557056, 0x00000000000001b6)
writev(1, 0x00007ffcab898e60, 2)
open('/home/runner/work/nim_packages_security_audit/nim_packages_security_audit', 622592, 0x0000000000000000)
open('/home/runner/work/nim_packages_security_audit/nim_packages_security_audit', 622592, 0x0000000000000000)
writev(1, 0x00007ffcab897bb0, 2)
open('/home/runner/.nimble/packages_official.json', 557056, 0x00000000000001b6)
mkdir('/home/', 0x00000000000001ff)
mkdir('/home/runner/', 0x00000000000001ff)
mkdir('/home/runner/.nimble/', 0x00000000000001ff)
mkdir('/home/runner/.nimble/pkgcache/', 0x00000000000001ff)
mkdir('/home/runner/.nimble/pkgcache/githubcom_nimamasl114514memkit', 0x00000000000001ff)
open('/home/runner/.nimble/pkgcache/githubcom_nimamasl114514memkit', 622592, 0x0000000000000000)
open('/home/runner/.nimble/pkgcache/githubcom_nimamasl114514memkit', 622592, 0x0000000000000000)
writev(1, 0x00007ffcab8979d0, 2)
open('/home/runner/.nimble/pkgcache/githubcom_nimamasl114514memkit', 622592, 0x0000000000000000)
rmdir('/home/runner/.nimble/pkgcache/githubcom_nimamasl114514memkit')
writev(1, 0x00007ffcab897880, 2)
mkdir(93921722849216, 0x00000000000001ff)
Error tracing process: readBytes(0x0000556bdaed57c0, 256) error: [Errno 5] Input/output error.
