      Info: Package cache path /home/runner/.nimble/pkgcache
     Info:  Nimble data file "/home/runner/.nimble/nimbledata2.json" has been loaded.
    Reading official package list
   Fetching https://github.com/quadram-institute-bioscience/memonitor using git
    Cloning latest tagged version: v0.1.0
open('/home/runner/.config/nimble/nimble.ini', 557056, 0x00000000000001b6)
writev(1, 0x00007ffcc0f5b640, 2)
open('/home/runner/.nimble/nimbledata2.json', 557056, 0x00000000000001b6)
writev(1, 0x00007ffcc0f5b710, 2)
open('/home/runner/work/nim_packages_security_audit/nim_packages_security_audit', 622592, 0x0000000000000000)
open('/home/runner/work/nim_packages_security_audit/nim_packages_security_audit', 622592, 0x0000000000000000)
writev(1, 0x00007ffcc0f5a460, 2)
open('/home/runner/.nimble/packages_official.json', 557056, 0x00000000000001b6)
mkdir('/home/', 0x00000000000001ff)
mkdir('/home/runner/', 0x00000000000001ff)
mkdir('/home/runner/.nimble/', 0x00000000000001ff)
mkdir('/home/runner/.nimble/pkgcache/', 0x00000000000001ff)
mkdir('/home/runner/.nimble/pkgcache/githubcom_quadraminstitutebiosciencememonitor', 0x00000000000001ff)
open('/home/runner/.nimble/pkgcache/githubcom_quadraminstitutebiosciencememonitor', 622592, 0x0000000000000000)
open('/home/runner/.nimble/pkgcache/githubcom_quadraminstitutebiosciencememonitor', 622592, 0x0000000000000000)
writev(1, 0x00007ffcc0f5a280, 2)
open('/home/runner/.nimble/pkgcache/githubcom_quadraminstitutebiosciencememonitor', 622592, 0x0000000000000000)
rmdir('/home/runner/.nimble/pkgcache/githubcom_quadraminstitutebiosciencememonitor')
writev(1, 0x00007ffcc0f5a130, 2)
mkdir(94587796895920, 0x00000000000001ff)
Error tracing process: readBytes(0x00005606f008b8b0, 256) error: [Errno 5] Input/output error.
