      Info: Package cache path /home/runner/.nimble/pkgcache
     Info:  Nimble data file "/home/runner/.nimble/nimbledata2.json" has been loaded.
    Reading official package list
   Fetching https://github.com/elcritch/merenda using git
    Cloning latest tagged version: v0.18.4
open('/home/runner/.config/nimble/nimble.ini', 557056, 0x00000000000001b6)
writev(1, 0x00007ffdd4598ac0, 2)
open('/home/runner/.nimble/nimbledata2.json', 557056, 0x00000000000001b6)
writev(1, 0x00007ffdd4598b90, 2)
open('/home/runner/work/nim_packages_security_audit/nim_packages_security_audit', 622592, 0x0000000000000000)
open('/home/runner/work/nim_packages_security_audit/nim_packages_security_audit', 622592, 0x0000000000000000)
writev(1, 0x00007ffdd45978e0, 2)
open('/home/runner/.nimble/packages_official.json', 557056, 0x00000000000001b6)
mkdir('/home/', 0x00000000000001ff)
mkdir('/home/runner/', 0x00000000000001ff)
mkdir('/home/runner/.nimble/', 0x00000000000001ff)
mkdir('/home/runner/.nimble/pkgcache/', 0x00000000000001ff)
mkdir('/home/runner/.nimble/pkgcache/githubcom_elcritchmerenda', 0x00000000000001ff)
open('/home/runner/.nimble/pkgcache/githubcom_elcritchmerenda', 622592, 0x0000000000000000)
open('/home/runner/.nimble/pkgcache/githubcom_elcritchmerenda', 622592, 0x0000000000000000)
writev(1, 0x00007ffdd4597700, 2)
open('/home/runner/.nimble/pkgcache/githubcom_elcritchmerenda', 622592, 0x0000000000000000)
rmdir('/home/runner/.nimble/pkgcache/githubcom_elcritchmerenda')
writev(1, 0x00007ffdd45975b0, 2)
mkdir(94644585617312, 0x00000000000001ff)
Error tracing process: readBytes(0x0000561428e7d7a0, 256) error: [Errno 5] Input/output error.
