      Info: Package cache path /home/runner/.nimble/pkgcache
     Info:  Nimble data file "/home/runner/.nimble/nimbledata2.json" has been loaded.
    Reading official package list
   Fetching https://github.com/status-im/nim-metrics using git
    Cloning latest tagged version: v0.2.3
open('/home/runner/.config/nimble/nimble.ini', 557056, 0x00000000000001b6)
writev(1, 0x00007fff09c3cd50, 2)
open('/home/runner/.nimble/nimbledata2.json', 557056, 0x00000000000001b6)
writev(1, 0x00007fff09c3ce20, 2)
open('/home/runner/work/nim_packages_security_audit/nim_packages_security_audit', 622592, 0x0000000000000000)
open('/home/runner/work/nim_packages_security_audit/nim_packages_security_audit', 622592, 0x0000000000000000)
writev(1, 0x00007fff09c3bb70, 2)
open('/home/runner/.nimble/packages_official.json', 557056, 0x00000000000001b6)
mkdir('/home/', 0x00000000000001ff)
mkdir('/home/runner/', 0x00000000000001ff)
mkdir('/home/runner/.nimble/', 0x00000000000001ff)
mkdir('/home/runner/.nimble/pkgcache/', 0x00000000000001ff)
mkdir('/home/runner/.nimble/pkgcache/githubcom_statusimnimmetrics', 0x00000000000001ff)
open('/home/runner/.nimble/pkgcache/githubcom_statusimnimmetrics', 622592, 0x0000000000000000)
open('/home/runner/.nimble/pkgcache/githubcom_statusimnimmetrics', 622592, 0x0000000000000000)
writev(1, 0x00007fff09c3b990, 2)
open('/home/runner/.nimble/pkgcache/githubcom_statusimnimmetrics', 622592, 0x0000000000000000)
rmdir('/home/runner/.nimble/pkgcache/githubcom_statusimnimmetrics')
writev(1, 0x00007fff09c3b840, 2)
mkdir(94630365911056, 0x00000000000001ff)
Error tracing process: readBytes(0x00005610d9585810, 256) error: [Errno 5] Input/output error.
