      Info: Package cache path /home/runner/.nimble/pkgcache
     Info:  Nimble data file "/home/runner/.nimble/nimbledata2.json" has been loaded.
    Reading official package list
   Fetching https://github.com/schneiderfelipe/microparsec using git
    Cloning latest tagged version: v0.1-alpha
open('/home/runner/.config/nimble/nimble.ini', 557056, 0x00000000000001b6)
writev(1, 0x00007ffe43c887f0, 2)
open('/home/runner/.nimble/nimbledata2.json', 557056, 0x00000000000001b6)
writev(1, 0x00007ffe43c888c0, 2)
open('/home/runner/work/nim_packages_security_audit/nim_packages_security_audit', 622592, 0x0000000000000000)
open('/home/runner/work/nim_packages_security_audit/nim_packages_security_audit', 622592, 0x0000000000000000)
writev(1, 0x00007ffe43c87610, 2)
open('/home/runner/.nimble/packages_official.json', 557056, 0x00000000000001b6)
mkdir('/home/', 0x00000000000001ff)
mkdir('/home/runner/', 0x00000000000001ff)
mkdir('/home/runner/.nimble/', 0x00000000000001ff)
mkdir('/home/runner/.nimble/pkgcache/', 0x00000000000001ff)
mkdir('/home/runner/.nimble/pkgcache/githubcom_schneiderfelipemicroparsec', 0x00000000000001ff)
open('/home/runner/.nimble/pkgcache/githubcom_schneiderfelipemicroparsec', 622592, 0x0000000000000000)
open('/home/runner/.nimble/pkgcache/githubcom_schneiderfelipemicroparsec', 622592, 0x0000000000000000)
writev(1, 0x00007ffe43c87430, 2)
open('/home/runner/.nimble/pkgcache/githubcom_schneiderfelipemicroparsec', 622592, 0x0000000000000000)
rmdir('/home/runner/.nimble/pkgcache/githubcom_schneiderfelipemicroparsec')
writev(1, 0x00007ffe43c872e0, 2)
mkdir(94029604419600, 0x00000000000001ff)
Error tracing process: readBytes(0x00005584f92b7810, 256) error: [Errno 5] Input/output error.
