      Info: Package cache path /home/runner/.nimble/pkgcache
     Info:  Nimble data file "/home/runner/.nimble/nimbledata2.json" has been loaded.
    Reading official package list
   Warning: The midio_ui_canvas package has been renamed to denim_ui_canvas
   Fetching https://github.com/nortero-code/denim-ui-canvas using git
   Warning: The package https://github.com/nortero-code/denim-ui-canvas has no tagged releases, downloading HEAD instead.
open('/home/runner/.config/nimble/nimble.ini', 557056, 0x00000000000001b6)
writev(1, 0x00007ffd3a4f6f10, 2)
open('/home/runner/.nimble/nimbledata2.json', 557056, 0x00000000000001b6)
writev(1, 0x00007ffd3a4f6fe0, 2)
open('/home/runner/work/nim_packages_security_audit/nim_packages_security_audit', 622592, 0x0000000000000000)
open('/home/runner/work/nim_packages_security_audit/nim_packages_security_audit', 622592, 0x0000000000000000)
writev(1, 0x00007ffd3a4f5d30, 2)
open('/home/runner/.nimble/packages_official.json', 557056, 0x00000000000001b6)
writev(1, 0x00007ffd3a4f5e50, 2)
mkdir('/home/', 0x00000000000001ff)
mkdir('/home/runner/', 0x00000000000001ff)
mkdir('/home/runner/.nimble/', 0x00000000000001ff)
mkdir('/home/runner/.nimble/pkgcache/', 0x00000000000001ff)
mkdir('/home/runner/.nimble/pkgcache/githubcom_norterocodedenimuicanvas', 0x00000000000001ff)
open('/home/runner/.nimble/pkgcache/githubcom_norterocodedenimuicanvas', 622592, 0x0000000000000000)
open('/home/runner/.nimble/pkgcache/githubcom_norterocodedenimuicanvas', 622592, 0x0000000000000000)
writev(1, 0x00007ffd3a4f5b50, 2)
open('/home/runner/.nimble/pkgcache/githubcom_norterocodedenimuicanvas', 622592, 0x0000000000000000)
rmdir('/home/runner/.nimble/pkgcache/githubcom_norterocodedenimuicanvas')
writev(1, 0x00007ffd3a4f5a00, 2)
mkdir(94675231168448, 0x00000000000001ff)
Error tracing process: readBytes(0x0000561b4b85d7c0, 256) error: [Errno 5] Input/output error.
