      Info: Package cache path /home/runner/.nimble/pkgcache
     Info:  Nimble data file "/home/runner/.nimble/nimbledata2.json" has been loaded.
    Reading official package list
   Warning: The midio_ui package has been renamed to denim_ui
   Fetching https://github.com/nortero-code/denim-ui using git
   Warning: The package https://github.com/nortero-code/denim-ui has no tagged releases, downloading HEAD instead.
open('/home/runner/.config/nimble/nimble.ini', 557056, 0x00000000000001b6)
writev(1, 0x00007ffe2ee10cd0, 2)
open('/home/runner/.nimble/nimbledata2.json', 557056, 0x00000000000001b6)
writev(1, 0x00007ffe2ee10da0, 2)
open('/home/runner/work/nim_packages_security_audit/nim_packages_security_audit', 622592, 0x0000000000000000)
open('/home/runner/work/nim_packages_security_audit/nim_packages_security_audit', 622592, 0x0000000000000000)
writev(1, 0x00007ffe2ee0faf0, 2)
open('/home/runner/.nimble/packages_official.json', 557056, 0x00000000000001b6)
writev(1, 0x00007ffe2ee0fc10, 2)
mkdir('/home/', 0x00000000000001ff)
mkdir('/home/runner/', 0x00000000000001ff)
mkdir('/home/runner/.nimble/', 0x00000000000001ff)
mkdir('/home/runner/.nimble/pkgcache/', 0x00000000000001ff)
mkdir('/home/runner/.nimble/pkgcache/githubcom_norterocodedenimui', 0x00000000000001ff)
open('/home/runner/.nimble/pkgcache/githubcom_norterocodedenimui', 622592, 0x0000000000000000)
open('/home/runner/.nimble/pkgcache/githubcom_norterocodedenimui', 622592, 0x0000000000000000)
writev(1, 0x00007ffe2ee0f910, 2)
open('/home/runner/.nimble/pkgcache/githubcom_norterocodedenimui', 622592, 0x0000000000000000)
rmdir('/home/runner/.nimble/pkgcache/githubcom_norterocodedenimui')
writev(1, 0x00007ffe2ee0f7c0, 2)
mkdir(94658345539520, 0x00000000000001ff)
Error tracing process: readBytes(0x000056175d0f97c0, 256) error: [Errno 5] Input/output error.
