      Info: Package cache path /home/runner/.nimble/pkgcache
     Info:  Nimble data file "/home/runner/.nimble/nimbledata2.json" has been loaded.
    Reading official package list
   Fetching https://git.sr.ht/~h3rald/min using git
    Cloning latest tagged version: v0.48.1
open('/home/runner/.config/nimble/nimble.ini', 557056, 0x00000000000001b6)
writev(1, 0x00007ffe59debe50, 2)
open('/home/runner/.nimble/nimbledata2.json', 557056, 0x00000000000001b6)
writev(1, 0x00007ffe59debf20, 2)
open('/home/runner/work/nim_packages_security_audit/nim_packages_security_audit', 622592, 0x0000000000000000)
open('/home/runner/work/nim_packages_security_audit/nim_packages_security_audit', 622592, 0x0000000000000000)
writev(1, 0x00007ffe59deac70, 2)
open('/home/runner/.nimble/packages_official.json', 557056, 0x00000000000001b6)
mkdir('/home/', 0x00000000000001ff)
mkdir('/home/runner/', 0x00000000000001ff)
mkdir('/home/runner/.nimble/', 0x00000000000001ff)
mkdir('/home/runner/.nimble/pkgcache/', 0x00000000000001ff)
mkdir('/home/runner/.nimble/pkgcache/gitsrht_h3raldmin', 0x00000000000001ff)
open('/home/runner/.nimble/pkgcache/gitsrht_h3raldmin', 622592, 0x0000000000000000)
open('/home/runner/.nimble/pkgcache/gitsrht_h3raldmin', 622592, 0x0000000000000000)
writev(1, 0x00007ffe59deaa90, 2)
open('/home/runner/.nimble/pkgcache/gitsrht_h3raldmin', 622592, 0x0000000000000000)
rmdir('/home/runner/.nimble/pkgcache/gitsrht_h3raldmin')
writev(1, 0x00007ffe59dea940, 2)
mkdir(94120670267296, 0x00000000000001ff)
Error tracing process: readBytes(0x0000559a2d1e07a0, 256) error: [Errno 5] Input/output error.
