      Info: Package cache path /home/runner/.nimble/pkgcache
     Info:  Nimble data file "/home/runner/.nimble/nimbledata2.json" has been loaded.
    Reading official package list
   Warning: The MiNiM package has been renamed to min
   Fetching https://git.sr.ht/~h3rald/min using git
    Cloning latest tagged version: v0.48.1
open('/home/runner/.config/nimble/nimble.ini', 557056, 0x00000000000001b6)
writev(1, 0x00007ffc132b9b50, 2)
open('/home/runner/.nimble/nimbledata2.json', 557056, 0x00000000000001b6)
writev(1, 0x00007ffc132b9c20, 2)
open('/home/runner/work/nim_packages_security_audit/nim_packages_security_audit', 622592, 0x0000000000000000)
open('/home/runner/work/nim_packages_security_audit/nim_packages_security_audit', 622592, 0x0000000000000000)
writev(1, 0x00007ffc132b8970, 2)
open('/home/runner/.nimble/packages_official.json', 557056, 0x00000000000001b6)
writev(1, 0x00007ffc132b8a90, 2)
mkdir('/home/', 0x00000000000001ff)
mkdir('/home/runner/', 0x00000000000001ff)
mkdir('/home/runner/.nimble/', 0x00000000000001ff)
mkdir('/home/runner/.nimble/pkgcache/', 0x00000000000001ff)
mkdir('/home/runner/.nimble/pkgcache/gitsrht_h3raldmin', 0x00000000000001ff)
open('/home/runner/.nimble/pkgcache/gitsrht_h3raldmin', 622592, 0x0000000000000000)
open('/home/runner/.nimble/pkgcache/gitsrht_h3raldmin', 622592, 0x0000000000000000)
writev(1, 0x00007ffc132b8790, 2)
open('/home/runner/.nimble/pkgcache/gitsrht_h3raldmin', 622592, 0x0000000000000000)
rmdir('/home/runner/.nimble/pkgcache/gitsrht_h3raldmin')
writev(1, 0x00007ffc132b8640, 2)
mkdir(94077092636576, 0x00000000000001ff)
Error tracing process: readBytes(0x0000559007b027a0, 256) error: [Errno 5] Input/output error.
