      Info: Package cache path /home/runner/.nimble/pkgcache
     Info:  Nimble data file "/home/runner/.nimble/nimbledata2.json" has been loaded.
    Reading official package list
   Fetching https://github.com/rafmst/miter using git
download.nim(214)        getTagsListRemote

    Error:  Unable to query remote tags for https://github.com/rafmst/miter . Git returned: remote: Repository not found.
        ... fatal: repository 'https://github.com/rafmst/miter/' not found
     Info:  Nimble data file "/home/runner/.nimble/nimbledata2.json" has been saved.
open('/home/runner/.config/nimble/nimble.ini', 557056, 0x00000000000001b6)
writev(1, 0x00007ffde0886380, 2)
open('/home/runner/.nimble/nimbledata2.json', 557056, 0x00000000000001b6)
writev(1, 0x00007ffde0886450, 2)
open('/home/runner/work/nim_packages_security_audit/nim_packages_security_audit', 622592, 0x0000000000000000)
open('/home/runner/work/nim_packages_security_audit/nim_packages_security_audit', 622592, 0x0000000000000000)
writev(1, 0x00007ffde08851a0, 2)
open('/home/runner/.nimble/packages_official.json', 557056, 0x00000000000001b6)
mkdir('/home/', 0x00000000000001ff)
mkdir('/home/runner/', 0x00000000000001ff)
mkdir('/home/runner/.nimble/', 0x00000000000001ff)
mkdir('/home/runner/.nimble/pkgcache/', 0x00000000000001ff)
mkdir('/home/runner/.nimble/pkgcache/githubcom_rafmstmiter', 0x00000000000001ff)
open('/home/runner/.nimble/pkgcache/githubcom_rafmstmiter', 622592, 0x0000000000000000)
open('/home/runner/.nimble/pkgcache/githubcom_rafmstmiter', 622592, 0x0000000000000000)
writev(1, 0x00007ffde0884fc0, 2)
open('/home/runner/.nimble/pkgcache/githubcom_rafmstmiter', 622592, 0x0000000000000000)
rmdir('/home/runner/.nimble/pkgcache/githubcom_rafmstmiter')
writev(1, 0x00007ffde08865b0, 2)
writev(1, 0x00007ffde0886440, 2)
writev(1, 0x00007ffde0886440, 2)
open('/tmp/nimble_3568', 622592, 0x0000000000000000)
rmdir('/tmp/nimble_3568')
open('/home/runner/.nimble/nimbledata2.json', 557633, 0x00000000000001b6)
writev(3, 0x00007ffde0886560, 2)
writev(1, 0x00007ffde0886440, 2)
  create directory /home
  create directory /home/runner
  create directory /home/runner/.nimble
  create directory /home/runner/.nimble/pkgcache
  create directory /home/runner/.nimble/pkgcache/githubcom_rafmstmiter
  delete /home/runner/.nimble/pkgcache/githubcom_rafmstmiter
  delete /tmp/nimble_3568
  truncate file /home/runner/.nimble/nimbledata2.json
