      Info: Package cache path /home/runner/.nimble/pkgcache
     Info:  Nimble data file "/home/runner/.nimble/nimbledata2.json" has been loaded.
    Reading official package list
   Fetching https://github.com/FedericoCeratto/nim-mmgeoip using git
   Warning: The package https://github.com/FedericoCeratto/nim-mmgeoip has no tagged releases, downloading HEAD instead.
open('/home/runner/.config/nimble/nimble.ini', 557056, 0x00000000000001b6)
writev(1, 0x00007ffe48f093f0, 2)
open('/home/runner/.nimble/nimbledata2.json', 557056, 0x00000000000001b6)
writev(1, 0x00007ffe48f094c0, 2)
open('/home/runner/work/nim_packages_security_audit/nim_packages_security_audit', 622592, 0x0000000000000000)
open('/home/runner/work/nim_packages_security_audit/nim_packages_security_audit', 622592, 0x0000000000000000)
writev(1, 0x00007ffe48f08210, 2)
open('/home/runner/.nimble/packages_official.json', 557056, 0x00000000000001b6)
mkdir('/home/', 0x00000000000001ff)
mkdir('/home/runner/', 0x00000000000001ff)
mkdir('/home/runner/.nimble/', 0x00000000000001ff)
mkdir('/home/runner/.nimble/pkgcache/', 0x00000000000001ff)
mkdir('/home/runner/.nimble/pkgcache/githubcom_FedericoCerattonimmmgeoip', 0x00000000000001ff)
open('/home/runner/.nimble/pkgcache/githubcom_FedericoCerattonimmmgeoip', 622592, 0x0000000000000000)
open('/home/runner/.nimble/pkgcache/githubcom_FedericoCerattonimmmgeoip', 622592, 0x0000000000000000)
writev(1, 0x00007ffe48f08030, 2)
open('/home/runner/.nimble/pkgcache/githubcom_FedericoCerattonimmmgeoip', 622592, 0x0000000000000000)
rmdir('/home/runner/.nimble/pkgcache/githubcom_FedericoCerattonimmmgeoip')
writev(1, 0x00007ffe48f07ee0, 2)
mkdir(94533251155904, 0x00000000000001ff)
Error tracing process: readBytes(0x000055fa3cdac7c0, 256) error: [Errno 5] Input/output error.
