      Info: Package cache path /home/runner/.nimble/pkgcache
     Info:  Nimble data file "/home/runner/.nimble/nimbledata2.json" has been loaded.
    Reading official package list
   Fetching https://github.com/mahlonsmith/nim-mongrel2 using git
   Warning: The package https://github.com/mahlonsmith/nim-mongrel2 has no tagged releases, downloading HEAD instead.
open('/home/runner/.config/nimble/nimble.ini', 557056, 0x00000000000001b6)
writev(1, 0x00007fff64c4a140, 2)
open('/home/runner/.nimble/nimbledata2.json', 557056, 0x00000000000001b6)
writev(1, 0x00007fff64c4a210, 2)
open('/home/runner/work/nim_packages_security_audit/nim_packages_security_audit', 622592, 0x0000000000000000)
open('/home/runner/work/nim_packages_security_audit/nim_packages_security_audit', 622592, 0x0000000000000000)
writev(1, 0x00007fff64c48f60, 2)
open('/home/runner/.nimble/packages_official.json', 557056, 0x00000000000001b6)
mkdir('/home/', 0x00000000000001ff)
mkdir('/home/runner/', 0x00000000000001ff)
mkdir('/home/runner/.nimble/', 0x00000000000001ff)
mkdir('/home/runner/.nimble/pkgcache/', 0x00000000000001ff)
mkdir('/home/runner/.nimble/pkgcache/githubcom_mahlonsmithnimmongrel2', 0x00000000000001ff)
open('/home/runner/.nimble/pkgcache/githubcom_mahlonsmithnimmongrel2', 622592, 0x0000000000000000)
open('/home/runner/.nimble/pkgcache/githubcom_mahlonsmithnimmongrel2', 622592, 0x0000000000000000)
writev(1, 0x00007fff64c48d80, 2)
open('/home/runner/.nimble/pkgcache/githubcom_mahlonsmithnimmongrel2', 622592, 0x0000000000000000)
rmdir('/home/runner/.nimble/pkgcache/githubcom_mahlonsmithnimmongrel2')
writev(1, 0x00007fff64c48c30, 2)
mkdir(94549838542784, 0x00000000000001ff)
Error tracing process: readBytes(0x000055fe198a37c0, 256) error: [Errno 5] Input/output error.
