      Info: Package cache path /home/runner/.nimble/pkgcache
     Info:  Nimble data file "/home/runner/.nimble/nimbledata2.json" has been loaded.
    Reading official package list
   Fetching https://github.com/jiro4989/monit using git
    Cloning latest tagged version: v1.3.2
open('/home/runner/.config/nimble/nimble.ini', 557056, 0x00000000000001b6)
writev(1, 0x00007ffc92a31470, 2)
open('/home/runner/.nimble/nimbledata2.json', 557056, 0x00000000000001b6)
writev(1, 0x00007ffc92a31540, 2)
open('/home/runner/work/nim_packages_security_audit/nim_packages_security_audit', 622592, 0x0000000000000000)
open('/home/runner/work/nim_packages_security_audit/nim_packages_security_audit', 622592, 0x0000000000000000)
writev(1, 0x00007ffc92a30290, 2)
open('/home/runner/.nimble/packages_official.json', 557056, 0x00000000000001b6)
mkdir('/home/', 0x00000000000001ff)
mkdir('/home/runner/', 0x00000000000001ff)
mkdir('/home/runner/.nimble/', 0x00000000000001ff)
mkdir('/home/runner/.nimble/pkgcache/', 0x00000000000001ff)
mkdir('/home/runner/.nimble/pkgcache/githubcom_jiro4989monit', 0x00000000000001ff)
open('/home/runner/.nimble/pkgcache/githubcom_jiro4989monit', 622592, 0x0000000000000000)
open('/home/runner/.nimble/pkgcache/githubcom_jiro4989monit', 622592, 0x0000000000000000)
writev(1, 0x00007ffc92a300b0, 2)
open('/home/runner/.nimble/pkgcache/githubcom_jiro4989monit', 622592, 0x0000000000000000)
rmdir('/home/runner/.nimble/pkgcache/githubcom_jiro4989monit')
writev(1, 0x00007ffc92a2ff60, 2)
mkdir(94433402046368, 0x00000000000001ff)
Error tracing process: readBytes(0x000055e2fd6247a0, 256) error: [Errno 5] Input/output error.
