      Info: Package cache path /home/runner/.nimble/pkgcache
     Info:  Nimble data file "/home/runner/.nimble/nimbledata2.json" has been loaded.
    Reading official package list
   Fetching https://git.sr.ht/~bptato/monoucha using git
    Cloning latest tagged version: v0.11.0
open('/home/runner/.config/nimble/nimble.ini', 557056, 0x00000000000001b6)
writev(1, 0x00007fff16322910, 2)
open('/home/runner/.nimble/nimbledata2.json', 557056, 0x00000000000001b6)
writev(1, 0x00007fff163229e0, 2)
open('/home/runner/work/nim_packages_security_audit/nim_packages_security_audit', 622592, 0x0000000000000000)
open('/home/runner/work/nim_packages_security_audit/nim_packages_security_audit', 622592, 0x0000000000000000)
writev(1, 0x00007fff16321730, 2)
open('/home/runner/.nimble/packages_official.json', 557056, 0x00000000000001b6)
mkdir('/home/', 0x00000000000001ff)
mkdir('/home/runner/', 0x00000000000001ff)
mkdir('/home/runner/.nimble/', 0x00000000000001ff)
mkdir('/home/runner/.nimble/pkgcache/', 0x00000000000001ff)
mkdir('/home/runner/.nimble/pkgcache/gitsrht_bptatomonoucha', 0x00000000000001ff)
open('/home/runner/.nimble/pkgcache/gitsrht_bptatomonoucha', 622592, 0x0000000000000000)
open('/home/runner/.nimble/pkgcache/gitsrht_bptatomonoucha', 622592, 0x0000000000000000)
writev(1, 0x00007fff16321550, 2)
open('/home/runner/.nimble/pkgcache/gitsrht_bptatomonoucha', 622592, 0x0000000000000000)
rmdir('/home/runner/.nimble/pkgcache/gitsrht_bptatomonoucha')
writev(1, 0x00007fff16321400, 2)
mkdir(94091245103008, 0x00000000000001ff)
Error tracing process: readBytes(0x00005593533da7a0, 256) error: [Errno 5] Input/output error.
