      Info: Package cache path /home/runner/.nimble/pkgcache
     Info:  Nimble data file "/home/runner/.nimble/nimbledata2.json" has been loaded.
    Reading official package list
   Fetching https://github.com/ph4mished/morse using git
download.nim(214)        getTagsListRemote

    Error:  Unable to query remote tags for https://github.com/ph4mished/morse . Git returned: remote: Repository not found.
        ... fatal: repository 'https://github.com/ph4mished/morse/' not found
     Info:  Nimble data file "/home/runner/.nimble/nimbledata2.json" has been saved.
open('/home/runner/.config/nimble/nimble.ini', 557056, 0x00000000000001b6)
writev(1, 0x00007ffd023cf8f0, 2)
open('/home/runner/.nimble/nimbledata2.json', 557056, 0x00000000000001b6)
writev(1, 0x00007ffd023cf9c0, 2)
open('/home/runner/work/nim_packages_security_audit/nim_packages_security_audit', 622592, 0x0000000000000000)
open('/home/runner/work/nim_packages_security_audit/nim_packages_security_audit', 622592, 0x0000000000000000)
writev(1, 0x00007ffd023ce710, 2)
open('/home/runner/.nimble/packages_official.json', 557056, 0x00000000000001b6)
mkdir('/home/', 0x00000000000001ff)
mkdir('/home/runner/', 0x00000000000001ff)
mkdir('/home/runner/.nimble/', 0x00000000000001ff)
mkdir('/home/runner/.nimble/pkgcache/', 0x00000000000001ff)
mkdir('/home/runner/.nimble/pkgcache/githubcom_ph4mishedmorse', 0x00000000000001ff)
open('/home/runner/.nimble/pkgcache/githubcom_ph4mishedmorse', 622592, 0x0000000000000000)
open('/home/runner/.nimble/pkgcache/githubcom_ph4mishedmorse', 622592, 0x0000000000000000)
writev(1, 0x00007ffd023ce530, 2)
open('/home/runner/.nimble/pkgcache/githubcom_ph4mishedmorse', 622592, 0x0000000000000000)
rmdir('/home/runner/.nimble/pkgcache/githubcom_ph4mishedmorse')
writev(1, 0x00007ffd023cfb20, 2)
writev(1, 0x00007ffd023cf9b0, 2)
writev(1, 0x00007ffd023cf9b0, 2)
open('/tmp/nimble_2449', 622592, 0x0000000000000000)
rmdir('/tmp/nimble_2449')
open('/home/runner/.nimble/nimbledata2.json', 557633, 0x00000000000001b6)
writev(3, 0x00007ffd023cfad0, 2)
writev(1, 0x00007ffd023cf9b0, 2)
  create directory /home
  create directory /home/runner
  create directory /home/runner/.nimble
  create directory /home/runner/.nimble/pkgcache
  create directory /home/runner/.nimble/pkgcache/githubcom_ph4mishedmorse
  delete /home/runner/.nimble/pkgcache/githubcom_ph4mishedmorse
  delete /tmp/nimble_2449
  truncate file /home/runner/.nimble/nimbledata2.json
