      Info: Package cache path /home/runner/.nimble/pkgcache
     Info:  Nimble data file "/home/runner/.nimble/nimbledata2.json" has been loaded.
    Reading official package list
   Fetching https://github.com/SolitudeSF/mpwc using git
    Cloning latest tagged version: v0.1.3
open('/home/runner/.config/nimble/nimble.ini', 557056, 0x00000000000001b6)
writev(1, 0x00007ffe95c47210, 2)
open('/home/runner/.nimble/nimbledata2.json', 557056, 0x00000000000001b6)
writev(1, 0x00007ffe95c472e0, 2)
open('/home/runner/work/nim_packages_security_audit/nim_packages_security_audit', 622592, 0x0000000000000000)
open('/home/runner/work/nim_packages_security_audit/nim_packages_security_audit', 622592, 0x0000000000000000)
writev(1, 0x00007ffe95c46030, 2)
open('/home/runner/.nimble/packages_official.json', 557056, 0x00000000000001b6)
mkdir('/home/', 0x00000000000001ff)
mkdir('/home/runner/', 0x00000000000001ff)
mkdir('/home/runner/.nimble/', 0x00000000000001ff)
mkdir('/home/runner/.nimble/pkgcache/', 0x00000000000001ff)
mkdir('/home/runner/.nimble/pkgcache/githubcom_SolitudeSFmpwc', 0x00000000000001ff)
open('/home/runner/.nimble/pkgcache/githubcom_SolitudeSFmpwc', 622592, 0x0000000000000000)
open('/home/runner/.nimble/pkgcache/githubcom_SolitudeSFmpwc', 622592, 0x0000000000000000)
writev(1, 0x00007ffe95c45e50, 2)
open('/home/runner/.nimble/pkgcache/githubcom_SolitudeSFmpwc', 622592, 0x0000000000000000)
rmdir('/home/runner/.nimble/pkgcache/githubcom_SolitudeSFmpwc')
writev(1, 0x00007ffe95c45d00, 2)
mkdir(94148204906400, 0x00000000000001ff)
Error tracing process: readBytes(0x000055a0964f47a0, 256) error: [Errno 5] Input/output error.
