      Info: Package cache path /home/runner/.nimble/pkgcache
     Info:  Nimble data file "/home/runner/.nimble/nimbledata2.json" has been loaded.
    Reading official package list
   Fetching https://github.com/openpeeps/multipart using git
    Cloning latest tagged version: 0.1.4
open('/home/runner/.config/nimble/nimble.ini', 557056, 0x00000000000001b6)
writev(1, 0x00007ffd3ce408e0, 2)
open('/home/runner/.nimble/nimbledata2.json', 557056, 0x00000000000001b6)
writev(1, 0x00007ffd3ce409b0, 2)
open('/home/runner/work/nim_packages_security_audit/nim_packages_security_audit', 622592, 0x0000000000000000)
open('/home/runner/work/nim_packages_security_audit/nim_packages_security_audit', 622592, 0x0000000000000000)
writev(1, 0x00007ffd3ce3f700, 2)
open('/home/runner/.nimble/packages_official.json', 557056, 0x00000000000001b6)
mkdir('/home/', 0x00000000000001ff)
mkdir('/home/runner/', 0x00000000000001ff)
mkdir('/home/runner/.nimble/', 0x00000000000001ff)
mkdir('/home/runner/.nimble/pkgcache/', 0x00000000000001ff)
mkdir('/home/runner/.nimble/pkgcache/githubcom_openpeepsmultipart', 0x00000000000001ff)
open('/home/runner/.nimble/pkgcache/githubcom_openpeepsmultipart', 622592, 0x0000000000000000)
open('/home/runner/.nimble/pkgcache/githubcom_openpeepsmultipart', 622592, 0x0000000000000000)
writev(1, 0x00007ffd3ce3f520, 2)
open('/home/runner/.nimble/pkgcache/githubcom_openpeepsmultipart', 622592, 0x0000000000000000)
rmdir('/home/runner/.nimble/pkgcache/githubcom_openpeepsmultipart')
writev(1, 0x00007ffd3ce3f3d0, 2)
mkdir(94815334782976, 0x00000000000001ff)
Error tracing process: readBytes(0x0000563bea595800, 256) error: [Errno 5] Input/output error.
