      Info: Package cache path /home/runner/.nimble/pkgcache
     Info:  Nimble data file "/home/runner/.nimble/nimbledata2.json" has been loaded.
    Reading official package list
   Fetching https://github.com/guzba/mummy using git
    Cloning latest tagged version: 0.4.8
open('/home/runner/.config/nimble/nimble.ini', 557056, 0x00000000000001b6)
writev(1, 0x00007ffe3730cec0, 2)
open('/home/runner/.nimble/nimbledata2.json', 557056, 0x00000000000001b6)
writev(1, 0x00007ffe3730cf90, 2)
open('/home/runner/work/nim_packages_security_audit/nim_packages_security_audit', 622592, 0x0000000000000000)
open('/home/runner/work/nim_packages_security_audit/nim_packages_security_audit', 622592, 0x0000000000000000)
writev(1, 0x00007ffe3730bce0, 2)
open('/home/runner/.nimble/packages_official.json', 557056, 0x00000000000001b6)
mkdir('/home/', 0x00000000000001ff)
mkdir('/home/runner/', 0x00000000000001ff)
mkdir('/home/runner/.nimble/', 0x00000000000001ff)
mkdir('/home/runner/.nimble/pkgcache/', 0x00000000000001ff)
mkdir('/home/runner/.nimble/pkgcache/githubcom_guzbamummy', 0x00000000000001ff)
open('/home/runner/.nimble/pkgcache/githubcom_guzbamummy', 622592, 0x0000000000000000)
open('/home/runner/.nimble/pkgcache/githubcom_guzbamummy', 622592, 0x0000000000000000)
writev(1, 0x00007ffe3730bb00, 2)
open('/home/runner/.nimble/pkgcache/githubcom_guzbamummy', 622592, 0x0000000000000000)
rmdir('/home/runner/.nimble/pkgcache/githubcom_guzbamummy')
writev(1, 0x00007ffe3730b9b0, 2)
mkdir(94029976467360, 0x00000000000001ff)
Error tracing process: readBytes(0x000055850f5877a0, 256) error: [Errno 5] Input/output error.
