      Info: Package cache path /home/runner/.nimble/pkgcache
     Info:  Nimble data file "/home/runner/.nimble/nimbledata2.json" has been loaded.
    Reading official package list
   Fetching https://github.com/hamidb80/mycouch using git
    Cloning latest tagged version: 0.4.2
open('/home/runner/.config/nimble/nimble.ini', 557056, 0x00000000000001b6)
writev(1, 0x00007ffe289ccd80, 2)
open('/home/runner/.nimble/nimbledata2.json', 557056, 0x00000000000001b6)
writev(1, 0x00007ffe289cce50, 2)
open('/home/runner/work/nim_packages_security_audit/nim_packages_security_audit', 622592, 0x0000000000000000)
open('/home/runner/work/nim_packages_security_audit/nim_packages_security_audit', 622592, 0x0000000000000000)
writev(1, 0x00007ffe289cbba0, 2)
open('/home/runner/.nimble/packages_official.json', 557056, 0x00000000000001b6)
mkdir('/home/', 0x00000000000001ff)
mkdir('/home/runner/', 0x00000000000001ff)
mkdir('/home/runner/.nimble/', 0x00000000000001ff)
mkdir('/home/runner/.nimble/pkgcache/', 0x00000000000001ff)
mkdir('/home/runner/.nimble/pkgcache/githubcom_hamidb80mycouch', 0x00000000000001ff)
open('/home/runner/.nimble/pkgcache/githubcom_hamidb80mycouch', 622592, 0x0000000000000000)
open('/home/runner/.nimble/pkgcache/githubcom_hamidb80mycouch', 622592, 0x0000000000000000)
writev(1, 0x00007ffe289cb9c0, 2)
open('/home/runner/.nimble/pkgcache/githubcom_hamidb80mycouch', 622592, 0x0000000000000000)
rmdir('/home/runner/.nimble/pkgcache/githubcom_hamidb80mycouch')
writev(1, 0x00007ffe289cb870, 2)
mkdir(94650374535072, 0x00000000000001ff)
Error tracing process: readBytes(0x0000561581f3b7a0, 256) error: [Errno 5] Input/output error.
