      Info: Package cache path /home/runner/.nimble/pkgcache
     Info:  Nimble data file "/home/runner/.nimble/nimbledata2.json" has been loaded.
    Reading official package list
   Fetching https://github.com/nemuelw/myip using git
   Warning: The package https://github.com/nemuelw/myip has no tagged releases, downloading HEAD instead.
open('/home/runner/.config/nimble/nimble.ini', 557056, 0x00000000000001b6)
writev(1, 0x00007ffcb616d150, 2)
open('/home/runner/.nimble/nimbledata2.json', 557056, 0x00000000000001b6)
writev(1, 0x00007ffcb616d220, 2)
open('/home/runner/work/nim_packages_security_audit/nim_packages_security_audit', 622592, 0x0000000000000000)
open('/home/runner/work/nim_packages_security_audit/nim_packages_security_audit', 622592, 0x0000000000000000)
writev(1, 0x00007ffcb616bf70, 2)
open('/home/runner/.nimble/packages_official.json', 557056, 0x00000000000001b6)
mkdir('/home/', 0x00000000000001ff)
mkdir('/home/runner/', 0x00000000000001ff)
mkdir('/home/runner/.nimble/', 0x00000000000001ff)
mkdir('/home/runner/.nimble/pkgcache/', 0x00000000000001ff)
mkdir('/home/runner/.nimble/pkgcache/githubcom_nemuelwmyip', 0x00000000000001ff)
open('/home/runner/.nimble/pkgcache/githubcom_nemuelwmyip', 622592, 0x0000000000000000)
open('/home/runner/.nimble/pkgcache/githubcom_nemuelwmyip', 622592, 0x0000000000000000)
writev(1, 0x00007ffcb616bd90, 2)
open('/home/runner/.nimble/pkgcache/githubcom_nemuelwmyip', 622592, 0x0000000000000000)
rmdir('/home/runner/.nimble/pkgcache/githubcom_nemuelwmyip')
writev(1, 0x00007ffcb616bc40, 2)
mkdir(94022443145040, 0x00000000000001ff)
Error tracing process: readBytes(0x000055834e531750, 256) error: [Errno 5] Input/output error.
