      Info: Package cache path /home/runner/.nimble/pkgcache
     Info:  Nimble data file "/home/runner/.nimble/nimbledata2.json" has been loaded.
    Prompt: No nim version matching 2.2.10. Download it now? -> [forced yes]
open('/workspace/destdir/ssl/openssl.cnf', 32768, 0x00000000000001b6)
open('/home/runner/.config/nimble/nimble.ini', 557056, 0x00000000000001b6)
open('/home/runner/.config/babel/babel.ini', 557056, 0x00000000000001b6)
writev(1, 0x00007ffe86d0c790, 2)
open('/home/runner/.nimble/nimbledata2.json', 557056, 0x00000000000001b6)
writev(1, 0x00007ffe86d0c860, 2)
open('/home/runner/.nimble/nimbinaries', 622592, 0x0000000000000000)
open('/home/runner/.nimble', 622592, 0x0000000000000000)
open('/etc/ssl/certs/ca-certificates.crt', 32768, 0x00000000000001b6)
open('/etc/hosts', 557056, 0x00000000000000e8)
open('/etc/resolv.conf', 557056, 0x0000000000000008)
mkdir('/home/', 0x00000000000001ff)
mkdir('/home/runner/', 0x00000000000001ff)
mkdir('/home/runner/.nimble', 0x00000000000001ff)
open('/home/runner/.nimble/official-nim-releases.json', 557633, 0x00000000000001b6)
writev(4, 0x00007ffe86d0aaa0, 2)
open('/home/runner/.nimble/nimbinaries', 622592, 0x0000000000000000)
writev(1, 0x00007ffe86d0b590, 2)
open('/home/runner/.nimble/official-nim-releases.json', 557056, 0x00000000000001b6)
chmod(93850274617040, 0x00000000000001ed)
Error tracing process: readBytes(0x0000555b3847d6d0, 256) error: [Errno 5] Input/output error.
