      Info: Package cache path /home/runner/.nimble/pkgcache
     Info:  Nimble data file "/home/runner/.nimble/nimbledata2.json" has been loaded.
    Reading official package list
   Fetching https://github.com/SolitudeSF/tam using git
    Cloning latest tagged version: v0.1.4
open('/home/runner/.config/nimble/nimble.ini', 557056, 0x00000000000001b6)
writev(1, 0x00007ffd9d59daa0, 2)
open('/home/runner/.nimble/nimbledata2.json', 557056, 0x00000000000001b6)
writev(1, 0x00007ffd9d59db70, 2)
open('/home/runner/work/nim_packages_security_audit/nim_packages_security_audit', 622592, 0x0000000000000000)
open('/home/runner/work/nim_packages_security_audit/nim_packages_security_audit', 622592, 0x0000000000000000)
writev(1, 0x00007ffd9d59c8c0, 2)
open('/home/runner/.nimble/packages_official.json', 557056, 0x00000000000001b6)
mkdir('/home/', 0x00000000000001ff)
mkdir('/home/runner/', 0x00000000000001ff)
mkdir('/home/runner/.nimble/', 0x00000000000001ff)
mkdir('/home/runner/.nimble/pkgcache/', 0x00000000000001ff)
mkdir('/home/runner/.nimble/pkgcache/githubcom_SolitudeSFtam', 0x00000000000001ff)
open('/home/runner/.nimble/pkgcache/githubcom_SolitudeSFtam', 622592, 0x0000000000000000)
open('/home/runner/.nimble/pkgcache/githubcom_SolitudeSFtam', 622592, 0x0000000000000000)
writev(1, 0x00007ffd9d59c6e0, 2)
open('/home/runner/.nimble/pkgcache/githubcom_SolitudeSFtam', 622592, 0x0000000000000000)
rmdir('/home/runner/.nimble/pkgcache/githubcom_SolitudeSFtam')
writev(1, 0x00007ffd9d59c590, 2)
mkdir(93845921413024, 0x00000000000001ff)
Error tracing process: readBytes(0x0000555a34cf37a0, 256) error: [Errno 5] Input/output error.
