      Info: Package cache path /home/runner/.nimble/pkgcache
     Info:  Nimble data file "/home/runner/.nimble/nimbledata2.json" has been loaded.
    Reading official package list
   Fetching https://github.com/ba0f3/telebot.nim using git
    Cloning latest tagged version: 2025.02.22
open('/home/runner/.config/nimble/nimble.ini', 557056, 0x00000000000001b6)
writev(1, 0x00007ffc783055e0, 2)
open('/home/runner/.nimble/nimbledata2.json', 557056, 0x00000000000001b6)
writev(1, 0x00007ffc783056b0, 2)
open('/home/runner/work/nim_packages_security_audit/nim_packages_security_audit', 622592, 0x0000000000000000)
open('/home/runner/work/nim_packages_security_audit/nim_packages_security_audit', 622592, 0x0000000000000000)
writev(1, 0x00007ffc78304400, 2)
open('/home/runner/.nimble/packages_official.json', 557056, 0x00000000000001b6)
mkdir('/home/', 0x00000000000001ff)
mkdir('/home/runner/', 0x00000000000001ff)
mkdir('/home/runner/.nimble/', 0x00000000000001ff)
mkdir('/home/runner/.nimble/pkgcache/', 0x00000000000001ff)
mkdir('/home/runner/.nimble/pkgcache/githubcom_ba0f3telebotnim', 0x00000000000001ff)
open('/home/runner/.nimble/pkgcache/githubcom_ba0f3telebotnim', 622592, 0x0000000000000000)
open('/home/runner/.nimble/pkgcache/githubcom_ba0f3telebotnim', 622592, 0x0000000000000000)
writev(1, 0x00007ffc78304220, 2)
open('/home/runner/.nimble/pkgcache/githubcom_ba0f3telebotnim', 622592, 0x0000000000000000)
rmdir('/home/runner/.nimble/pkgcache/githubcom_ba0f3telebotnim')
writev(1, 0x00007ffc783040d0, 2)
mkdir(94049360832416, 0x00000000000001ff)
Error tracing process: readBytes(0x0000558992be67a0, 256) error: [Errno 5] Input/output error.
