      Info: Package cache path /home/runner/.nimble/pkgcache
     Info:  Nimble data file "/home/runner/.nimble/nimbledata2.json" has been loaded.
    Reading official package list
   Fetching https://github.com/jiro4989/termnovel using git
    Cloning latest tagged version: 1.0.0
open('/home/runner/.config/nimble/nimble.ini', 557056, 0x00000000000001b6)
writev(1, 0x00007ffe28f32c70, 2)
open('/home/runner/.nimble/nimbledata2.json', 557056, 0x00000000000001b6)
writev(1, 0x00007ffe28f32d40, 2)
open('/home/runner/work/nim_packages_security_audit/nim_packages_security_audit', 622592, 0x0000000000000000)
open('/home/runner/work/nim_packages_security_audit/nim_packages_security_audit', 622592, 0x0000000000000000)
writev(1, 0x00007ffe28f31a90, 2)
open('/home/runner/.nimble/packages_official.json', 557056, 0x00000000000001b6)
mkdir('/home/', 0x00000000000001ff)
mkdir('/home/runner/', 0x00000000000001ff)
mkdir('/home/runner/.nimble/', 0x00000000000001ff)
mkdir('/home/runner/.nimble/pkgcache/', 0x00000000000001ff)
mkdir('/home/runner/.nimble/pkgcache/githubcom_jiro4989termnovel', 0x00000000000001ff)
open('/home/runner/.nimble/pkgcache/githubcom_jiro4989termnovel', 622592, 0x0000000000000000)
open('/home/runner/.nimble/pkgcache/githubcom_jiro4989termnovel', 622592, 0x0000000000000000)
writev(1, 0x00007ffe28f318b0, 2)
open('/home/runner/.nimble/pkgcache/githubcom_jiro4989termnovel', 622592, 0x0000000000000000)
rmdir('/home/runner/.nimble/pkgcache/githubcom_jiro4989termnovel')
writev(1, 0x00007ffe28f31760, 2)
mkdir(94537825089536, 0x00000000000001ff)
Error tracing process: readBytes(0x000055fb4d7b7800, 256) error: [Errno 5] Input/output error.
