      Info: Package cache path /home/runner/.nimble/pkgcache
     Info:  Nimble data file "/home/runner/.nimble/nimbledata2.json" has been loaded.
    Reading official package list
   Fetching https://github.com/erayzesen/textalot using git
    Cloning latest tagged version: v0.1.0
open('/home/runner/.config/nimble/nimble.ini', 557056, 0x00000000000001b6)
writev(1, 0x00007ffe0fa419f0, 2)
open('/home/runner/.nimble/nimbledata2.json', 557056, 0x00000000000001b6)
writev(1, 0x00007ffe0fa41ac0, 2)
open('/home/runner/work/nim_packages_security_audit/nim_packages_security_audit', 622592, 0x0000000000000000)
open('/home/runner/work/nim_packages_security_audit/nim_packages_security_audit', 622592, 0x0000000000000000)
writev(1, 0x00007ffe0fa40810, 2)
open('/home/runner/.nimble/packages_official.json', 557056, 0x00000000000001b6)
mkdir('/home/', 0x00000000000001ff)
mkdir('/home/runner/', 0x00000000000001ff)
mkdir('/home/runner/.nimble/', 0x00000000000001ff)
mkdir('/home/runner/.nimble/pkgcache/', 0x00000000000001ff)
mkdir('/home/runner/.nimble/pkgcache/githubcom_erayzesentextalot', 0x00000000000001ff)
open('/home/runner/.nimble/pkgcache/githubcom_erayzesentextalot', 622592, 0x0000000000000000)
open('/home/runner/.nimble/pkgcache/githubcom_erayzesentextalot', 622592, 0x0000000000000000)
writev(1, 0x00007ffe0fa40630, 2)
open('/home/runner/.nimble/pkgcache/githubcom_erayzesentextalot', 622592, 0x0000000000000000)
rmdir('/home/runner/.nimble/pkgcache/githubcom_erayzesentextalot')
writev(1, 0x00007ffe0fa404e0, 2)
mkdir(94416852314112, 0x00000000000001ff)
Error tracing process: readBytes(0x000055df22f16800, 256) error: [Errno 5] Input/output error.
