      Info: Package cache path /home/runner/.nimble/pkgcache
     Info:  Nimble data file "/home/runner/.nimble/nimbledata2.json" has been loaded.
    Reading official package list
   Fetching https://github.com/ringabout/timeit using git
    Cloning latest tagged version: v0.3.6
open('/home/runner/.config/nimble/nimble.ini', 557056, 0x00000000000001b6)
writev(1, 0x00007fffcfcb2fd0, 2)
open('/home/runner/.nimble/nimbledata2.json', 557056, 0x00000000000001b6)
writev(1, 0x00007fffcfcb30a0, 2)
open('/home/runner/work/nim_packages_security_audit/nim_packages_security_audit', 622592, 0x0000000000000000)
open('/home/runner/work/nim_packages_security_audit/nim_packages_security_audit', 622592, 0x0000000000000000)
writev(1, 0x00007fffcfcb1df0, 2)
open('/home/runner/.nimble/packages_official.json', 557056, 0x00000000000001b6)
mkdir('/home/', 0x00000000000001ff)
mkdir('/home/runner/', 0x00000000000001ff)
mkdir('/home/runner/.nimble/', 0x00000000000001ff)
mkdir('/home/runner/.nimble/pkgcache/', 0x00000000000001ff)
mkdir('/home/runner/.nimble/pkgcache/githubcom_ringabouttimeit', 0x00000000000001ff)
open('/home/runner/.nimble/pkgcache/githubcom_ringabouttimeit', 622592, 0x0000000000000000)
open('/home/runner/.nimble/pkgcache/githubcom_ringabouttimeit', 622592, 0x0000000000000000)
writev(1, 0x00007fffcfcb1c10, 2)
open('/home/runner/.nimble/pkgcache/githubcom_ringabouttimeit', 622592, 0x0000000000000000)
rmdir('/home/runner/.nimble/pkgcache/githubcom_ringabouttimeit')
writev(1, 0x00007fffcfcb1ac0, 2)
mkdir(94260270823328, 0x00000000000001ff)
Error tracing process: readBytes(0x000055baadf577a0, 256) error: [Errno 5] Input/output error.
