      Info: Package cache path /home/runner/.nimble/pkgcache
     Info:  Nimble data file "/home/runner/.nimble/nimbledata2.json" has been loaded.
    Reading official package list
   Fetching https://github.com/mikra01/timerpool using git
   Warning: The package https://github.com/mikra01/timerpool has no tagged releases, downloading HEAD instead.
open('/home/runner/.config/nimble/nimble.ini', 557056, 0x00000000000001b6)
writev(1, 0x00007ffda86df040, 2)
open('/home/runner/.nimble/nimbledata2.json', 557056, 0x00000000000001b6)
writev(1, 0x00007ffda86df110, 2)
open('/home/runner/work/nim_packages_security_audit/nim_packages_security_audit', 622592, 0x0000000000000000)
open('/home/runner/work/nim_packages_security_audit/nim_packages_security_audit', 622592, 0x0000000000000000)
writev(1, 0x00007ffda86dde60, 2)
open('/home/runner/.nimble/packages_official.json', 557056, 0x00000000000001b6)
mkdir('/home/', 0x00000000000001ff)
mkdir('/home/runner/', 0x00000000000001ff)
mkdir('/home/runner/.nimble/', 0x00000000000001ff)
mkdir('/home/runner/.nimble/pkgcache/', 0x00000000000001ff)
mkdir('/home/runner/.nimble/pkgcache/githubcom_mikra01timerpool', 0x00000000000001ff)
open('/home/runner/.nimble/pkgcache/githubcom_mikra01timerpool', 622592, 0x0000000000000000)
open('/home/runner/.nimble/pkgcache/githubcom_mikra01timerpool', 622592, 0x0000000000000000)
writev(1, 0x00007ffda86ddc80, 2)
open('/home/runner/.nimble/pkgcache/githubcom_mikra01timerpool', 622592, 0x0000000000000000)
rmdir('/home/runner/.nimble/pkgcache/githubcom_mikra01timerpool')
writev(1, 0x00007ffda86ddb30, 2)
mkdir(94490439247792, 0x00000000000001ff)
Error tracing process: readBytes(0x000055f04510e7b0, 256) error: [Errno 5] Input/output error.
