      Info: Package cache path /home/runner/.nimble/pkgcache
     Info:  Nimble data file "/home/runner/.nimble/nimbledata2.json" has been loaded.
    Reading official package list
   Fetching https://github.com/d4rckh/nim-tlv using git
    Cloning latest tagged version: v1.1.0
open('/home/runner/.config/nimble/nimble.ini', 557056, 0x00000000000001b6)
writev(1, 0x00007ffe067c9ba0, 2)
open('/home/runner/.nimble/nimbledata2.json', 557056, 0x00000000000001b6)
writev(1, 0x00007ffe067c9c70, 2)
open('/home/runner/work/nim_packages_security_audit/nim_packages_security_audit', 622592, 0x0000000000000000)
open('/home/runner/work/nim_packages_security_audit/nim_packages_security_audit', 622592, 0x0000000000000000)
writev(1, 0x00007ffe067c89c0, 2)
open('/home/runner/.nimble/packages_official.json', 557056, 0x00000000000001b6)
mkdir('/home/', 0x00000000000001ff)
mkdir('/home/runner/', 0x00000000000001ff)
mkdir('/home/runner/.nimble/', 0x00000000000001ff)
mkdir('/home/runner/.nimble/pkgcache/', 0x00000000000001ff)
mkdir('/home/runner/.nimble/pkgcache/githubcom_d4rckhnimtlv', 0x00000000000001ff)
open('/home/runner/.nimble/pkgcache/githubcom_d4rckhnimtlv', 622592, 0x0000000000000000)
open('/home/runner/.nimble/pkgcache/githubcom_d4rckhnimtlv', 622592, 0x0000000000000000)
writev(1, 0x00007ffe067c87e0, 2)
open('/home/runner/.nimble/pkgcache/githubcom_d4rckhnimtlv', 622592, 0x0000000000000000)
rmdir('/home/runner/.nimble/pkgcache/githubcom_d4rckhnimtlv')
writev(1, 0x00007ffe067c8690, 2)
mkdir(93841214908320, 0x00000000000001ff)
Error tracing process: readBytes(0x000055591c47a7a0, 256) error: [Errno 5] Input/output error.
