      Info: Package cache path /home/runner/.nimble/pkgcache
     Info:  Nimble data file "/home/runner/.nimble/nimbledata2.json" has been loaded.
    Reading official package list
   Fetching https://github.com/status-im/nim-toml-serialization using git
    Cloning latest tagged version: v0.2.18
open('/home/runner/.config/nimble/nimble.ini', 557056, 0x00000000000001b6)
writev(1, 0x00007ffc020e3d10, 2)
open('/home/runner/.nimble/nimbledata2.json', 557056, 0x00000000000001b6)
writev(1, 0x00007ffc020e3de0, 2)
open('/home/runner/work/nim_packages_security_audit/nim_packages_security_audit', 622592, 0x0000000000000000)
open('/home/runner/work/nim_packages_security_audit/nim_packages_security_audit', 622592, 0x0000000000000000)
writev(1, 0x00007ffc020e2b30, 2)
open('/home/runner/.nimble/packages_official.json', 557056, 0x00000000000001b6)
mkdir('/home/', 0x00000000000001ff)
mkdir('/home/runner/', 0x00000000000001ff)
mkdir('/home/runner/.nimble/', 0x00000000000001ff)
mkdir('/home/runner/.nimble/pkgcache/', 0x00000000000001ff)
mkdir('/home/runner/.nimble/pkgcache/githubcom_statusimnimtomlserialization', 0x00000000000001ff)
open('/home/runner/.nimble/pkgcache/githubcom_statusimnimtomlserialization', 622592, 0x0000000000000000)
open('/home/runner/.nimble/pkgcache/githubcom_statusimnimtomlserialization', 622592, 0x0000000000000000)
writev(1, 0x00007ffc020e2950, 2)
open('/home/runner/.nimble/pkgcache/githubcom_statusimnimtomlserialization', 622592, 0x0000000000000000)
rmdir('/home/runner/.nimble/pkgcache/githubcom_statusimnimtomlserialization')
writev(1, 0x00007ffc020e2800, 2)
mkdir(93899992242192, 0x00000000000001ff)
Error tracing process: readBytes(0x00005566cbae9810, 256) error: [Errno 5] Input/output error.
