      Info: Package cache path /home/runner/.nimble/pkgcache
     Info:  Nimble data file "/home/runner/.nimble/nimbledata2.json" has been loaded.
    Reading official package list
   Fetching https://github.com/ryukoposting/toposort using git
    Cloning latest tagged version: v1.0.0
open('/home/runner/.config/nimble/nimble.ini', 557056, 0x00000000000001b6)
writev(1, 0x00007ffe424312e0, 2)
open('/home/runner/.nimble/nimbledata2.json', 557056, 0x00000000000001b6)
writev(1, 0x00007ffe424313b0, 2)
open('/home/runner/work/nim_packages_security_audit/nim_packages_security_audit', 622592, 0x0000000000000000)
open('/home/runner/work/nim_packages_security_audit/nim_packages_security_audit', 622592, 0x0000000000000000)
writev(1, 0x00007ffe42430100, 2)
open('/home/runner/.nimble/packages_official.json', 557056, 0x00000000000001b6)
mkdir('/home/', 0x00000000000001ff)
mkdir('/home/runner/', 0x00000000000001ff)
mkdir('/home/runner/.nimble/', 0x00000000000001ff)
mkdir('/home/runner/.nimble/pkgcache/', 0x00000000000001ff)
mkdir('/home/runner/.nimble/pkgcache/githubcom_ryukopostingtoposort', 0x00000000000001ff)
open('/home/runner/.nimble/pkgcache/githubcom_ryukopostingtoposort', 622592, 0x0000000000000000)
open('/home/runner/.nimble/pkgcache/githubcom_ryukopostingtoposort', 622592, 0x0000000000000000)
writev(1, 0x00007ffe4242ff20, 2)
open('/home/runner/.nimble/pkgcache/githubcom_ryukopostingtoposort', 622592, 0x0000000000000000)
rmdir('/home/runner/.nimble/pkgcache/githubcom_ryukopostingtoposort')
writev(1, 0x00007ffe4242fdd0, 2)
mkdir(94800853981200, 0x00000000000001ff)
Error tracing process: readBytes(0x000056388b39d810, 256) error: [Errno 5] Input/output error.
