      Info: Package cache path /home/runner/.nimble/pkgcache
     Info:  Nimble data file "/home/runner/.nimble/nimbledata2.json" has been loaded.
    Reading official package list
   Fetching https://github.com/FedericoCeratto/nim-tor using git
    Cloning latest tagged version: 0.2.0
open('/home/runner/.config/nimble/nimble.ini', 557056, 0x00000000000001b6)
writev(1, 0x00007ffd166b3d00, 2)
open('/home/runner/.nimble/nimbledata2.json', 557056, 0x00000000000001b6)
writev(1, 0x00007ffd166b3dd0, 2)
open('/home/runner/work/nim_packages_security_audit/nim_packages_security_audit', 622592, 0x0000000000000000)
open('/home/runner/work/nim_packages_security_audit/nim_packages_security_audit', 622592, 0x0000000000000000)
writev(1, 0x00007ffd166b2b20, 2)
open('/home/runner/.nimble/packages_official.json', 557056, 0x00000000000001b6)
mkdir('/home/', 0x00000000000001ff)
mkdir('/home/runner/', 0x00000000000001ff)
mkdir('/home/runner/.nimble/', 0x00000000000001ff)
mkdir('/home/runner/.nimble/pkgcache/', 0x00000000000001ff)
mkdir('/home/runner/.nimble/pkgcache/githubcom_FedericoCerattonimtor', 0x00000000000001ff)
open('/home/runner/.nimble/pkgcache/githubcom_FedericoCerattonimtor', 622592, 0x0000000000000000)
open('/home/runner/.nimble/pkgcache/githubcom_FedericoCerattonimtor', 622592, 0x0000000000000000)
writev(1, 0x00007ffd166b2940, 2)
open('/home/runner/.nimble/pkgcache/githubcom_FedericoCerattonimtor', 622592, 0x0000000000000000)
rmdir('/home/runner/.nimble/pkgcache/githubcom_FedericoCerattonimtor')
writev(1, 0x00007ffd166b27f0, 2)
mkdir(94091312142352, 0x00000000000001ff)
Error tracing process: readBytes(0x00005593573c9810, 256) error: [Errno 5] Input/output error.
