      Info: Package cache path /home/runner/.nimble/pkgcache
     Info:  Nimble data file "/home/runner/.nimble/nimbledata2.json" has been loaded.
    Reading official package list
   Fetching https://git.sr.ht/~ehmry/nim-toxcore using git
    Cloning latest tagged version: nim-toxcore-0.5.0
open('/home/runner/.config/nimble/nimble.ini', 557056, 0x00000000000001b6)
writev(1, 0x00007ffd308a77d0, 2)
open('/home/runner/.nimble/nimbledata2.json', 557056, 0x00000000000001b6)
writev(1, 0x00007ffd308a78a0, 2)
open('/home/runner/work/nim_packages_security_audit/nim_packages_security_audit', 622592, 0x0000000000000000)
open('/home/runner/work/nim_packages_security_audit/nim_packages_security_audit', 622592, 0x0000000000000000)
writev(1, 0x00007ffd308a65f0, 2)
open('/home/runner/.nimble/packages_official.json', 557056, 0x00000000000001b6)
mkdir('/home/', 0x00000000000001ff)
mkdir('/home/runner/', 0x00000000000001ff)
mkdir('/home/runner/.nimble/', 0x00000000000001ff)
mkdir('/home/runner/.nimble/pkgcache/', 0x00000000000001ff)
mkdir('/home/runner/.nimble/pkgcache/gitsrht_ehmrynimtoxcore', 0x00000000000001ff)
open('/home/runner/.nimble/pkgcache/gitsrht_ehmrynimtoxcore', 622592, 0x0000000000000000)
open('/home/runner/.nimble/pkgcache/gitsrht_ehmrynimtoxcore', 622592, 0x0000000000000000)
writev(1, 0x00007ffd308a6410, 2)
open('/home/runner/.nimble/pkgcache/gitsrht_ehmrynimtoxcore', 622592, 0x0000000000000000)
rmdir('/home/runner/.nimble/pkgcache/gitsrht_ehmrynimtoxcore')
writev(1, 0x00007ffd308a62c0, 2)
mkdir(94315754543008, 0x00000000000001ff)
Error tracing process: readBytes(0x000055c7990bd7a0, 256) error: [Errno 5] Input/output error.
