      Info: Package cache path /home/runner/.nimble/pkgcache
     Info:  Nimble data file "/home/runner/.nimble/nimbledata2.json" has been loaded.
    Reading official package list
   Fetching https://github.com/openpeeps/twofa using git
   Warning: The package https://github.com/openpeeps/twofa has no tagged releases, downloading HEAD instead.
open('/home/runner/.config/nimble/nimble.ini', 557056, 0x00000000000001b6)
writev(1, 0x00007ffdc44be6c0, 2)
open('/home/runner/.nimble/nimbledata2.json', 557056, 0x00000000000001b6)
writev(1, 0x00007ffdc44be790, 2)
open('/home/runner/work/nim_packages_security_audit/nim_packages_security_audit', 622592, 0x0000000000000000)
open('/home/runner/work/nim_packages_security_audit/nim_packages_security_audit', 622592, 0x0000000000000000)
writev(1, 0x00007ffdc44bd4e0, 2)
open('/home/runner/.nimble/packages_official.json', 557056, 0x00000000000001b6)
mkdir('/home/', 0x00000000000001ff)
mkdir('/home/runner/', 0x00000000000001ff)
mkdir('/home/runner/.nimble/', 0x00000000000001ff)
mkdir('/home/runner/.nimble/pkgcache/', 0x00000000000001ff)
mkdir('/home/runner/.nimble/pkgcache/githubcom_openpeepstwofa', 0x00000000000001ff)
open('/home/runner/.nimble/pkgcache/githubcom_openpeepstwofa', 622592, 0x0000000000000000)
open('/home/runner/.nimble/pkgcache/githubcom_openpeepstwofa', 622592, 0x0000000000000000)
writev(1, 0x00007ffdc44bd300, 2)
open('/home/runner/.nimble/pkgcache/githubcom_openpeepstwofa', 622592, 0x0000000000000000)
rmdir('/home/runner/.nimble/pkgcache/githubcom_openpeepstwofa')
writev(1, 0x00007ffdc44bd1b0, 2)
mkdir(94172165617488, 0x00000000000001ff)
Error tracing process: readBytes(0x000055a62a7ab750, 256) error: [Errno 5] Input/output error.
