      Info: Package cache path /home/runner/.nimble/pkgcache
     Info:  Nimble data file "/home/runner/.nimble/nimbledata2.json" has been loaded.
    Reading official package list
   Fetching https://github.com/C-NERD/dan_magaji using git
download.nim(214)        getTagsListRemote

    Error:  Unable to query remote tags for https://github.com/C-NERD/dan_magaji . Git returned: remote: Repository not found.
        ... fatal: repository 'https://github.com/C-NERD/dan_magaji/' not found
     Info:  Nimble data file "/home/runner/.nimble/nimbledata2.json" has been saved.
open('/home/runner/.config/nimble/nimble.ini', 557056, 0x00000000000001b6)
writev(1, 0x00007ffe9b88c030, 2)
open('/home/runner/.nimble/nimbledata2.json', 557056, 0x00000000000001b6)
writev(1, 0x00007ffe9b88c100, 2)
open('/home/runner/work/nim_packages_security_audit/nim_packages_security_audit', 622592, 0x0000000000000000)
open('/home/runner/work/nim_packages_security_audit/nim_packages_security_audit', 622592, 0x0000000000000000)
writev(1, 0x00007ffe9b88ae50, 2)
open('/home/runner/.nimble/packages_official.json', 557056, 0x00000000000001b6)
mkdir('/home/', 0x00000000000001ff)
mkdir('/home/runner/', 0x00000000000001ff)
mkdir('/home/runner/.nimble/', 0x00000000000001ff)
mkdir('/home/runner/.nimble/pkgcache/', 0x00000000000001ff)
mkdir('/home/runner/.nimble/pkgcache/githubcom_CNERDdanmagaji', 0x00000000000001ff)
open('/home/runner/.nimble/pkgcache/githubcom_CNERDdanmagaji', 622592, 0x0000000000000000)
open('/home/runner/.nimble/pkgcache/githubcom_CNERDdanmagaji', 622592, 0x0000000000000000)
writev(1, 0x00007ffe9b88ac70, 2)
open('/home/runner/.nimble/pkgcache/githubcom_CNERDdanmagaji', 622592, 0x0000000000000000)
rmdir('/home/runner/.nimble/pkgcache/githubcom_CNERDdanmagaji')
writev(1, 0x00007ffe9b88c260, 2)
writev(1, 0x00007ffe9b88c0f0, 2)
writev(1, 0x00007ffe9b88c0f0, 2)
open('/tmp/nimble_3691', 622592, 0x0000000000000000)
rmdir('/tmp/nimble_3691')
open('/home/runner/.nimble/nimbledata2.json', 557633, 0x00000000000001b6)
writev(3, 0x00007ffe9b88c210, 2)
writev(1, 0x00007ffe9b88c0f0, 2)
  create directory /home
  create directory /home/runner
  create directory /home/runner/.nimble
  create directory /home/runner/.nimble/pkgcache
  create directory /home/runner/.nimble/pkgcache/githubcom_CNERDdanmagaji
  delete /home/runner/.nimble/pkgcache/githubcom_CNERDdanmagaji
  delete /tmp/nimble_3691
  truncate file /home/runner/.nimble/nimbledata2.json
