      Info: Package cache path /home/runner/.nimble/pkgcache
     Info:  Nimble data file "/home/runner/.nimble/nimbledata2.json" has been loaded.
    Reading official package list
   Fetching https://github.com/FedericoCeratto/nim-dashing using git
    Cloning latest tagged version: 0.1.1
open('/home/runner/.config/nimble/nimble.ini', 557056, 0x00000000000001b6)
writev(1, 0x00007ffcc8182da0, 2)
open('/home/runner/.nimble/nimbledata2.json', 557056, 0x00000000000001b6)
writev(1, 0x00007ffcc8182e70, 2)
open('/home/runner/work/nim_packages_security_audit/nim_packages_security_audit', 622592, 0x0000000000000000)
open('/home/runner/work/nim_packages_security_audit/nim_packages_security_audit', 622592, 0x0000000000000000)
writev(1, 0x00007ffcc8181bc0, 2)
open('/home/runner/.nimble/packages_official.json', 557056, 0x00000000000001b6)
mkdir('/home/', 0x00000000000001ff)
mkdir('/home/runner/', 0x00000000000001ff)
mkdir('/home/runner/.nimble/', 0x00000000000001ff)
mkdir('/home/runner/.nimble/pkgcache/', 0x00000000000001ff)
mkdir('/home/runner/.nimble/pkgcache/githubcom_FedericoCerattonimdashing', 0x00000000000001ff)
open('/home/runner/.nimble/pkgcache/githubcom_FedericoCerattonimdashing', 622592, 0x0000000000000000)
open('/home/runner/.nimble/pkgcache/githubcom_FedericoCerattonimdashing', 622592, 0x0000000000000000)
writev(1, 0x00007ffcc81819e0, 2)
open('/home/runner/.nimble/pkgcache/githubcom_FedericoCerattonimdashing', 622592, 0x0000000000000000)
rmdir('/home/runner/.nimble/pkgcache/githubcom_FedericoCerattonimdashing')
writev(1, 0x00007ffcc8181890, 2)
mkdir(94179763701776, 0x00000000000001ff)
Error tracing process: readBytes(0x000055a7ef5c4810, 256) error: [Errno 5] Input/output error.
