      Info: Package cache path /home/runner/.nimble/pkgcache
     Info:  Nimble data file "/home/runner/.nimble/nimbledata2.json" has been loaded.
    Reading official package list
   Fetching https://github.com/jlp765/db using git
    Cloning latest tagged version: 1.1.0
open('/home/runner/.config/nimble/nimble.ini', 557056, 0x00000000000001b6)
writev(1, 0x00007fff243c9f50, 2)
open('/home/runner/.nimble/nimbledata2.json', 557056, 0x00000000000001b6)
writev(1, 0x00007fff243ca020, 2)
open('/home/runner/work/nim_packages_security_audit/nim_packages_security_audit', 622592, 0x0000000000000000)
open('/home/runner/work/nim_packages_security_audit/nim_packages_security_audit', 622592, 0x0000000000000000)
writev(1, 0x00007fff243c8d70, 2)
open('/home/runner/.nimble/packages_official.json', 557056, 0x00000000000001b6)
mkdir('/home/', 0x00000000000001ff)
mkdir('/home/runner/', 0x00000000000001ff)
mkdir('/home/runner/.nimble/', 0x00000000000001ff)
mkdir('/home/runner/.nimble/pkgcache/', 0x00000000000001ff)
mkdir('/home/runner/.nimble/pkgcache/githubcom_jlp765db', 0x00000000000001ff)
open('/home/runner/.nimble/pkgcache/githubcom_jlp765db', 622592, 0x0000000000000000)
open('/home/runner/.nimble/pkgcache/githubcom_jlp765db', 622592, 0x0000000000000000)
writev(1, 0x00007fff243c8b90, 2)
open('/home/runner/.nimble/pkgcache/githubcom_jlp765db', 622592, 0x0000000000000000)
rmdir('/home/runner/.nimble/pkgcache/githubcom_jlp765db')
writev(1, 0x00007fff243c8a40, 2)
mkdir(94381075486624, 0x00000000000001ff)
Error tracing process: readBytes(0x000055d6ce7a57a0, 256) error: [Errno 5] Input/output error.
