      Info: Package cache path /home/runner/.nimble/pkgcache
     Info:  Nimble data file "/home/runner/.nimble/nimbledata2.json" has been loaded.
    Reading official package list
   Fetching https://github.com/nim-lang/db_connector using git
   Warning: The package https://github.com/nim-lang/db_connector has no tagged releases, downloading HEAD instead.
open('/home/runner/.config/nimble/nimble.ini', 557056, 0x00000000000001b6)
writev(1, 0x00007fffd7d2d560, 2)
open('/home/runner/.nimble/nimbledata2.json', 557056, 0x00000000000001b6)
writev(1, 0x00007fffd7d2d630, 2)
open('/home/runner/work/nim_packages_security_audit/nim_packages_security_audit', 622592, 0x0000000000000000)
open('/home/runner/work/nim_packages_security_audit/nim_packages_security_audit', 622592, 0x0000000000000000)
writev(1, 0x00007fffd7d2c380, 2)
open('/home/runner/.nimble/packages_official.json', 557056, 0x00000000000001b6)
mkdir('/home/', 0x00000000000001ff)
mkdir('/home/runner/', 0x00000000000001ff)
mkdir('/home/runner/.nimble/', 0x00000000000001ff)
mkdir('/home/runner/.nimble/pkgcache/', 0x00000000000001ff)
mkdir('/home/runner/.nimble/pkgcache/githubcom_nimlangdbconnector', 0x00000000000001ff)
open('/home/runner/.nimble/pkgcache/githubcom_nimlangdbconnector', 622592, 0x0000000000000000)
open('/home/runner/.nimble/pkgcache/githubcom_nimlangdbconnector', 622592, 0x0000000000000000)
writev(1, 0x00007fffd7d2c1a0, 2)
open('/home/runner/.nimble/pkgcache/githubcom_nimlangdbconnector', 622592, 0x0000000000000000)
rmdir('/home/runner/.nimble/pkgcache/githubcom_nimlangdbconnector')
writev(1, 0x00007fffd7d2c050, 2)
mkdir(94379219478464, 0x00000000000001ff)
Error tracing process: readBytes(0x000055d65fd9e7c0, 256) error: [Errno 5] Input/output error.
