      Info: Package cache path /home/runner/.nimble/pkgcache
     Info:  Nimble data file "/home/runner/.nimble/nimbledata2.json" has been loaded.
    Reading official package list
   Fetching https://github.com/leonardoce/nim-clickhouse using git
    Cloning latest tagged version: v0.5.1
open('/home/runner/.config/nimble/nimble.ini', 557056, 0x00000000000001b6)
writev(1, 0x00007ffd351f1620, 2)
open('/home/runner/.nimble/nimbledata2.json', 557056, 0x00000000000001b6)
writev(1, 0x00007ffd351f16f0, 2)
open('/home/runner/work/nim_packages_security_audit/nim_packages_security_audit', 622592, 0x0000000000000000)
open('/home/runner/work/nim_packages_security_audit/nim_packages_security_audit', 622592, 0x0000000000000000)
writev(1, 0x00007ffd351f0440, 2)
open('/home/runner/.nimble/packages_official.json', 557056, 0x00000000000001b6)
mkdir('/home/', 0x00000000000001ff)
mkdir('/home/runner/', 0x00000000000001ff)
mkdir('/home/runner/.nimble/', 0x00000000000001ff)
mkdir('/home/runner/.nimble/pkgcache/', 0x00000000000001ff)
mkdir('/home/runner/.nimble/pkgcache/githubcom_leonardocenimclickhouse', 0x00000000000001ff)
open('/home/runner/.nimble/pkgcache/githubcom_leonardocenimclickhouse', 622592, 0x0000000000000000)
open('/home/runner/.nimble/pkgcache/githubcom_leonardocenimclickhouse', 622592, 0x0000000000000000)
writev(1, 0x00007ffd351f0260, 2)
open('/home/runner/.nimble/pkgcache/githubcom_leonardocenimclickhouse', 622592, 0x0000000000000000)
rmdir('/home/runner/.nimble/pkgcache/githubcom_leonardocenimclickhouse')
writev(1, 0x00007ffd351f0110, 2)
mkdir(94025033529360, 0x00000000000001ff)
Error tracing process: readBytes(0x00005583e8b93810, 256) error: [Errno 5] Input/output error.
