      Info: Package cache path /home/runner/.nimble/pkgcache
     Info:  Nimble data file "/home/runner/.nimble/nimbledata2.json" has been loaded.
    Reading official package list
   Fetching https://gitlab.com/eagledot/nim-deepspeech using git
    Cloning latest tagged version: v0.7.1
open('/home/runner/.config/nimble/nimble.ini', 557056, 0x00000000000001b6)
writev(1, 0x00007ffe8fa22c50, 2)
open('/home/runner/.nimble/nimbledata2.json', 557056, 0x00000000000001b6)
writev(1, 0x00007ffe8fa22d20, 2)
open('/home/runner/work/nim_packages_security_audit/nim_packages_security_audit', 622592, 0x0000000000000000)
open('/home/runner/work/nim_packages_security_audit/nim_packages_security_audit', 622592, 0x0000000000000000)
writev(1, 0x00007ffe8fa21a70, 2)
open('/home/runner/.nimble/packages_official.json', 557056, 0x00000000000001b6)
mkdir('/home/', 0x00000000000001ff)
mkdir('/home/runner/', 0x00000000000001ff)
mkdir('/home/runner/.nimble/', 0x00000000000001ff)
mkdir('/home/runner/.nimble/pkgcache/', 0x00000000000001ff)
mkdir('/home/runner/.nimble/pkgcache/gitlabcom_eagledotnimdeepspeech', 0x00000000000001ff)
open('/home/runner/.nimble/pkgcache/gitlabcom_eagledotnimdeepspeech', 622592, 0x0000000000000000)
open('/home/runner/.nimble/pkgcache/gitlabcom_eagledotnimdeepspeech', 622592, 0x0000000000000000)
writev(1, 0x00007ffe8fa21890, 2)
open('/home/runner/.nimble/pkgcache/gitlabcom_eagledotnimdeepspeech', 622592, 0x0000000000000000)
rmdir('/home/runner/.nimble/pkgcache/gitlabcom_eagledotnimdeepspeech')
writev(1, 0x00007ffe8fa21740, 2)
mkdir(94359345195024, 0x00000000000001ff)
Error tracing process: readBytes(0x000055d1bf406810, 256) error: [Errno 5] Input/output error.
