      Info: Package cache path /home/runner/.nimble/pkgcache
     Info:  Nimble data file "/home/runner/.nimble/nimbledata2.json" has been loaded.
    Reading official package list
   Fetching https://github.com/Nycto/DelaunayNim using git
    Cloning latest tagged version: 0.3.1
open('/home/runner/.config/nimble/nimble.ini', 557056, 0x00000000000001b6)
writev(1, 0x00007ffc25a394e0, 2)
open('/home/runner/.nimble/nimbledata2.json', 557056, 0x00000000000001b6)
writev(1, 0x00007ffc25a395b0, 2)
open('/home/runner/work/nim_packages_security_audit/nim_packages_security_audit', 622592, 0x0000000000000000)
open('/home/runner/work/nim_packages_security_audit/nim_packages_security_audit', 622592, 0x0000000000000000)
writev(1, 0x00007ffc25a38300, 2)
open('/home/runner/.nimble/packages_official.json', 557056, 0x00000000000001b6)
mkdir('/home/', 0x00000000000001ff)
mkdir('/home/runner/', 0x00000000000001ff)
mkdir('/home/runner/.nimble/', 0x00000000000001ff)
mkdir('/home/runner/.nimble/pkgcache/', 0x00000000000001ff)
mkdir('/home/runner/.nimble/pkgcache/githubcom_NyctoDelaunayNim', 0x00000000000001ff)
open('/home/runner/.nimble/pkgcache/githubcom_NyctoDelaunayNim', 622592, 0x0000000000000000)
open('/home/runner/.nimble/pkgcache/githubcom_NyctoDelaunayNim', 622592, 0x0000000000000000)
writev(1, 0x00007ffc25a38120, 2)
open('/home/runner/.nimble/pkgcache/githubcom_NyctoDelaunayNim', 622592, 0x0000000000000000)
rmdir('/home/runner/.nimble/pkgcache/githubcom_NyctoDelaunayNim')
writev(1, 0x00007ffc25a37fd0, 2)
mkdir(94133854668800, 0x00000000000001ff)
Error tracing process: readBytes(0x0000559d3ef80800, 256) error: [Errno 5] Input/output error.
