      Info: Package cache path /home/runner/.nimble/pkgcache
     Info:  Nimble data file "/home/runner/.nimble/nimbledata2.json" has been loaded.
    Reading official package list
   Fetching https://github.com/nortero-code/midio-ui-cairo using git
   Warning: The package https://github.com/nortero-code/midio-ui-cairo has no tagged releases, downloading HEAD instead.
open('/home/runner/.config/nimble/nimble.ini', 557056, 0x00000000000001b6)
writev(1, 0x00007fff2d3b8ed0, 2)
open('/home/runner/.nimble/nimbledata2.json', 557056, 0x00000000000001b6)
writev(1, 0x00007fff2d3b8fa0, 2)
open('/home/runner/work/nim_packages_security_audit/nim_packages_security_audit', 622592, 0x0000000000000000)
open('/home/runner/work/nim_packages_security_audit/nim_packages_security_audit', 622592, 0x0000000000000000)
writev(1, 0x00007fff2d3b7cf0, 2)
open('/home/runner/.nimble/packages_official.json', 557056, 0x00000000000001b6)
mkdir('/home/', 0x00000000000001ff)
mkdir('/home/runner/', 0x00000000000001ff)
mkdir('/home/runner/.nimble/', 0x00000000000001ff)
mkdir('/home/runner/.nimble/pkgcache/', 0x00000000000001ff)
mkdir('/home/runner/.nimble/pkgcache/githubcom_norterocodemidiouicairo', 0x00000000000001ff)
open('/home/runner/.nimble/pkgcache/githubcom_norterocodemidiouicairo', 622592, 0x0000000000000000)
open('/home/runner/.nimble/pkgcache/githubcom_norterocodemidiouicairo', 622592, 0x0000000000000000)
writev(1, 0x00007fff2d3b7b10, 2)
open('/home/runner/.nimble/pkgcache/githubcom_norterocodemidiouicairo', 622592, 0x0000000000000000)
rmdir('/home/runner/.nimble/pkgcache/githubcom_norterocodemidiouicairo')
writev(1, 0x00007fff2d3b79c0, 2)
mkdir(94497722144704, 0x00000000000001ff)
Error tracing process: readBytes(0x000055f1f72917c0, 256) error: [Errno 5] Input/output error.
