      Info: Package cache path /home/runner/.nimble/pkgcache
     Info:  Nimble data file "/home/runner/.nimble/nimbledata2.json" has been loaded.
    Reading official package list
   Fetching https://github.com/chancyk/deriche-kde using git
    Cloning latest tagged version: v0.1.0
open('/home/runner/.config/nimble/nimble.ini', 557056, 0x00000000000001b6)
writev(1, 0x00007ffc01955b90, 2)
open('/home/runner/.nimble/nimbledata2.json', 557056, 0x00000000000001b6)
writev(1, 0x00007ffc01955c60, 2)
open('/home/runner/work/nim_packages_security_audit/nim_packages_security_audit', 622592, 0x0000000000000000)
open('/home/runner/work/nim_packages_security_audit/nim_packages_security_audit', 622592, 0x0000000000000000)
writev(1, 0x00007ffc019549b0, 2)
open('/home/runner/.nimble/packages_official.json', 557056, 0x00000000000001b6)
mkdir('/home/', 0x00000000000001ff)
mkdir('/home/runner/', 0x00000000000001ff)
mkdir('/home/runner/.nimble/', 0x00000000000001ff)
mkdir('/home/runner/.nimble/pkgcache/', 0x00000000000001ff)
mkdir('/home/runner/.nimble/pkgcache/githubcom_chancykderichekde', 0x00000000000001ff)
open('/home/runner/.nimble/pkgcache/githubcom_chancykderichekde', 622592, 0x0000000000000000)
open('/home/runner/.nimble/pkgcache/githubcom_chancykderichekde', 622592, 0x0000000000000000)
writev(1, 0x00007ffc019547d0, 2)
open('/home/runner/.nimble/pkgcache/githubcom_chancykderichekde', 622592, 0x0000000000000000)
rmdir('/home/runner/.nimble/pkgcache/githubcom_chancykderichekde')
writev(1, 0x00007ffc01954680, 2)
mkdir(94748038625280, 0x00000000000001ff)
Error tracing process: readBytes(0x0000562c3f2f7800, 256) error: [Errno 5] Input/output error.
