      Info: Package cache path /home/runner/.nimble/pkgcache
     Info:  Nimble data file "/home/runner/.nimble/nimbledata2.json" has been loaded.
    Reading official package list
   Fetching https://github.com/moigagoo/dhbp using git
    Cloning latest tagged version: 2.0.0
open('/home/runner/.config/nimble/nimble.ini', 557056, 0x00000000000001b6)
writev(1, 0x00007ffe13d294c0, 2)
open('/home/runner/.nimble/nimbledata2.json', 557056, 0x00000000000001b6)
writev(1, 0x00007ffe13d29590, 2)
open('/home/runner/work/nim_packages_security_audit/nim_packages_security_audit', 622592, 0x0000000000000000)
open('/home/runner/work/nim_packages_security_audit/nim_packages_security_audit', 622592, 0x0000000000000000)
writev(1, 0x00007ffe13d282e0, 2)
open('/home/runner/.nimble/packages_official.json', 557056, 0x00000000000001b6)
mkdir('/home/', 0x00000000000001ff)
mkdir('/home/runner/', 0x00000000000001ff)
mkdir('/home/runner/.nimble/', 0x00000000000001ff)
mkdir('/home/runner/.nimble/pkgcache/', 0x00000000000001ff)
mkdir('/home/runner/.nimble/pkgcache/githubcom_moigagoodhbp', 0x00000000000001ff)
open('/home/runner/.nimble/pkgcache/githubcom_moigagoodhbp', 622592, 0x0000000000000000)
open('/home/runner/.nimble/pkgcache/githubcom_moigagoodhbp', 622592, 0x0000000000000000)
writev(1, 0x00007ffe13d28100, 2)
open('/home/runner/.nimble/pkgcache/githubcom_moigagoodhbp', 622592, 0x0000000000000000)
rmdir('/home/runner/.nimble/pkgcache/githubcom_moigagoodhbp')
writev(1, 0x00007ffe13d27fb0, 2)
mkdir(94046341576608, 0x00000000000001ff)
Error tracing process: readBytes(0x00005588dec837a0, 256) error: [Errno 5] Input/output error.
