      Info: Package cache path /home/runner/.nimble/pkgcache
     Info:  Nimble data file "/home/runner/.nimble/nimbledata2.json" has been loaded.
    Reading official package list
   Fetching https://github.com/ire4ever1190/dimscordCommandHandler using git
    Cloning latest tagged version: 1.4.1
open('/home/runner/.config/nimble/nimble.ini', 557056, 0x00000000000001b6)
writev(1, 0x00007ffe796d3c00, 2)
open('/home/runner/.nimble/nimbledata2.json', 557056, 0x00000000000001b6)
writev(1, 0x00007ffe796d3cd0, 2)
open('/home/runner/work/nim_packages_security_audit/nim_packages_security_audit', 622592, 0x0000000000000000)
open('/home/runner/work/nim_packages_security_audit/nim_packages_security_audit', 622592, 0x0000000000000000)
writev(1, 0x00007ffe796d2a20, 2)
open('/home/runner/.nimble/packages_official.json', 557056, 0x00000000000001b6)
mkdir('/home/', 0x00000000000001ff)
mkdir('/home/runner/', 0x00000000000001ff)
mkdir('/home/runner/.nimble/', 0x00000000000001ff)
mkdir('/home/runner/.nimble/pkgcache/', 0x00000000000001ff)
mkdir('/home/runner/.nimble/pkgcache/githubcom_ire4ever1190dimscordCommandHandler', 0x00000000000001ff)
open('/home/runner/.nimble/pkgcache/githubcom_ire4ever1190dimscordCommandHandler', 622592, 0x0000000000000000)
open('/home/runner/.nimble/pkgcache/githubcom_ire4ever1190dimscordCommandHandler', 622592, 0x0000000000000000)
writev(1, 0x00007ffe796d2840, 2)
open('/home/runner/.nimble/pkgcache/githubcom_ire4ever1190dimscordCommandHandler', 622592, 0x0000000000000000)
rmdir('/home/runner/.nimble/pkgcache/githubcom_ire4ever1190dimscordCommandHandler')
writev(1, 0x00007ffe796d26f0, 2)
mkdir(93982193989888, 0x00000000000001ff)
Error tracing process: readBytes(0x00005579ef49b900, 256) error: [Errno 5] Input/output error.
