      Info: Package cache path /home/runner/.nimble/pkgcache
     Info:  Nimble data file "/home/runner/.nimble/nimbledata2.json" has been loaded.
    Reading official package list
   Fetching https://bitbucket.org/barcharcraz/directnimrod using git
   Warning: The package https://bitbucket.org/barcharcraz/directnimrod has no tagged releases, downloading HEAD instead.
open('/home/runner/.config/nimble/nimble.ini', 557056, 0x00000000000001b6)
writev(1, 0x00007fffd2aa6ef0, 2)
open('/home/runner/.nimble/nimbledata2.json', 557056, 0x00000000000001b6)
writev(1, 0x00007fffd2aa6fc0, 2)
open('/home/runner/work/nim_packages_security_audit/nim_packages_security_audit', 622592, 0x0000000000000000)
open('/home/runner/work/nim_packages_security_audit/nim_packages_security_audit', 622592, 0x0000000000000000)
writev(1, 0x00007fffd2aa5d10, 2)
open('/home/runner/.nimble/packages_official.json', 557056, 0x00000000000001b6)
mkdir('/home/', 0x00000000000001ff)
mkdir('/home/runner/', 0x00000000000001ff)
mkdir('/home/runner/.nimble/', 0x00000000000001ff)
mkdir('/home/runner/.nimble/pkgcache/', 0x00000000000001ff)
mkdir('/home/runner/.nimble/pkgcache/bitbucketorg_barcharcrazdirectnimrod', 0x00000000000001ff)
open('/home/runner/.nimble/pkgcache/bitbucketorg_barcharcrazdirectnimrod', 622592, 0x0000000000000000)
open('/home/runner/.nimble/pkgcache/bitbucketorg_barcharcrazdirectnimrod', 622592, 0x0000000000000000)
writev(1, 0x00007fffd2aa5b30, 2)
open('/home/runner/.nimble/pkgcache/bitbucketorg_barcharcrazdirectnimrod', 622592, 0x0000000000000000)
rmdir('/home/runner/.nimble/pkgcache/bitbucketorg_barcharcrazdirectnimrod')
writev(1, 0x00007fffd2aa59e0, 2)
mkdir(94836420544448, 0x00000000000001ff)
Error tracing process: readBytes(0x00005640d32887c0, 256) error: [Errno 5] Input/output error.
