      Info: Package cache path /home/runner/.nimble/pkgcache
     Info:  Nimble data file "/home/runner/.nimble/nimbledata2.json" has been loaded.
    Reading official package list
   Fetching https://github.com/thisago/dirtygpt using git
    Cloning latest tagged version: 0.3.0
open('/home/runner/.config/nimble/nimble.ini', 557056, 0x00000000000001b6)
writev(1, 0x00007fff39f3c720, 2)
open('/home/runner/.nimble/nimbledata2.json', 557056, 0x00000000000001b6)
writev(1, 0x00007fff39f3c7f0, 2)
open('/home/runner/work/nim_packages_security_audit/nim_packages_security_audit', 622592, 0x0000000000000000)
open('/home/runner/work/nim_packages_security_audit/nim_packages_security_audit', 622592, 0x0000000000000000)
writev(1, 0x00007fff39f3b540, 2)
open('/home/runner/.nimble/packages_official.json', 557056, 0x00000000000001b6)
mkdir('/home/', 0x00000000000001ff)
mkdir('/home/runner/', 0x00000000000001ff)
mkdir('/home/runner/.nimble/', 0x00000000000001ff)
mkdir('/home/runner/.nimble/pkgcache/', 0x00000000000001ff)
mkdir('/home/runner/.nimble/pkgcache/githubcom_thisagodirtygpt', 0x00000000000001ff)
open('/home/runner/.nimble/pkgcache/githubcom_thisagodirtygpt', 622592, 0x0000000000000000)
open('/home/runner/.nimble/pkgcache/githubcom_thisagodirtygpt', 622592, 0x0000000000000000)
writev(1, 0x00007fff39f3b360, 2)
open('/home/runner/.nimble/pkgcache/githubcom_thisagodirtygpt', 622592, 0x0000000000000000)
rmdir('/home/runner/.nimble/pkgcache/githubcom_thisagodirtygpt')
writev(1, 0x00007fff39f3b210, 2)
mkdir(94345874208672, 0x00000000000001ff)
Error tracing process: readBytes(0x000055ce9c5177a0, 256) error: [Errno 5] Input/output error.
