      Info: Package cache path /home/runner/.nimble/pkgcache
     Info:  Nimble data file "/home/runner/.nimble/nimbledata2.json" has been loaded.
    Reading official package list
   Fetching https://github.com/ba0f3/distorm3.nim using git
    Cloning latest tagged version: 3.5.2
open('/home/runner/.config/nimble/nimble.ini', 557056, 0x00000000000001b6)
writev(1, 0x00007fffb6bcd6d0, 2)
open('/home/runner/.nimble/nimbledata2.json', 557056, 0x00000000000001b6)
writev(1, 0x00007fffb6bcd7a0, 2)
open('/home/runner/work/nim_packages_security_audit/nim_packages_security_audit', 622592, 0x0000000000000000)
open('/home/runner/work/nim_packages_security_audit/nim_packages_security_audit', 622592, 0x0000000000000000)
writev(1, 0x00007fffb6bcc4f0, 2)
open('/home/runner/.nimble/packages_official.json', 557056, 0x00000000000001b6)
mkdir('/home/', 0x00000000000001ff)
mkdir('/home/runner/', 0x00000000000001ff)
mkdir('/home/runner/.nimble/', 0x00000000000001ff)
mkdir('/home/runner/.nimble/pkgcache/', 0x00000000000001ff)
mkdir('/home/runner/.nimble/pkgcache/githubcom_ba0f3distorm3nim', 0x00000000000001ff)
open('/home/runner/.nimble/pkgcache/githubcom_ba0f3distorm3nim', 622592, 0x0000000000000000)
open('/home/runner/.nimble/pkgcache/githubcom_ba0f3distorm3nim', 622592, 0x0000000000000000)
writev(1, 0x00007fffb6bcc310, 2)
open('/home/runner/.nimble/pkgcache/githubcom_ba0f3distorm3nim', 622592, 0x0000000000000000)
rmdir('/home/runner/.nimble/pkgcache/githubcom_ba0f3distorm3nim')
writev(1, 0x00007fffb6bcc1c0, 2)
mkdir(94678207227904, 0x00000000000001ff)
Error tracing process: readBytes(0x0000561bfce8e800, 256) error: [Errno 5] Input/output error.
