      Info: Package cache path /home/runner/.nimble/pkgcache
     Info:  Nimble data file "/home/runner/.nimble/nimbledata2.json" has been loaded.
    Reading official package list
   Fetching https://github.com/amnr/dlutils using git
    Cloning latest tagged version: v2.1.4
open('/home/runner/.config/nimble/nimble.ini', 557056, 0x00000000000001b6)
writev(1, 0x00007ffead5e2f50, 2)
open('/home/runner/.nimble/nimbledata2.json', 557056, 0x00000000000001b6)
writev(1, 0x00007ffead5e3020, 2)
open('/home/runner/work/nim_packages_security_audit/nim_packages_security_audit', 622592, 0x0000000000000000)
open('/home/runner/work/nim_packages_security_audit/nim_packages_security_audit', 622592, 0x0000000000000000)
writev(1, 0x00007ffead5e1d70, 2)
open('/home/runner/.nimble/packages_official.json', 557056, 0x00000000000001b6)
mkdir('/home/', 0x00000000000001ff)
mkdir('/home/runner/', 0x00000000000001ff)
mkdir('/home/runner/.nimble/', 0x00000000000001ff)
mkdir('/home/runner/.nimble/pkgcache/', 0x00000000000001ff)
mkdir('/home/runner/.nimble/pkgcache/githubcom_amnrdlutils', 0x00000000000001ff)
open('/home/runner/.nimble/pkgcache/githubcom_amnrdlutils', 622592, 0x0000000000000000)
open('/home/runner/.nimble/pkgcache/githubcom_amnrdlutils', 622592, 0x0000000000000000)
writev(1, 0x00007ffead5e1b90, 2)
open('/home/runner/.nimble/pkgcache/githubcom_amnrdlutils', 622592, 0x0000000000000000)
rmdir('/home/runner/.nimble/pkgcache/githubcom_amnrdlutils')
writev(1, 0x00007ffead5e1a40, 2)
mkdir(94893259388832, 0x00000000000001ff)
Error tracing process: readBytes(0x0000564e0f0477a0, 256) error: [Errno 5] Input/output error.
