      Info: Package cache path /home/runner/.nimble/pkgcache
     Info:  Nimble data file "/home/runner/.nimble/nimbledata2.json" has been loaded.
    Reading official package list
   Fetching https://github.com/adokitkat/dnd using git
    Cloning latest tagged version: v0.7.0
open('/home/runner/.config/nimble/nimble.ini', 557056, 0x00000000000001b6)
writev(1, 0x00007ffd9d95ef70, 2)
open('/home/runner/.nimble/nimbledata2.json', 557056, 0x00000000000001b6)
writev(1, 0x00007ffd9d95f040, 2)
open('/home/runner/work/nim_packages_security_audit/nim_packages_security_audit', 622592, 0x0000000000000000)
open('/home/runner/work/nim_packages_security_audit/nim_packages_security_audit', 622592, 0x0000000000000000)
writev(1, 0x00007ffd9d95dd90, 2)
open('/home/runner/.nimble/packages_official.json', 557056, 0x00000000000001b6)
mkdir('/home/', 0x00000000000001ff)
mkdir('/home/runner/', 0x00000000000001ff)
mkdir('/home/runner/.nimble/', 0x00000000000001ff)
mkdir('/home/runner/.nimble/pkgcache/', 0x00000000000001ff)
mkdir('/home/runner/.nimble/pkgcache/githubcom_adokitkatdnd', 0x00000000000001ff)
open('/home/runner/.nimble/pkgcache/githubcom_adokitkatdnd', 622592, 0x0000000000000000)
open('/home/runner/.nimble/pkgcache/githubcom_adokitkatdnd', 622592, 0x0000000000000000)
writev(1, 0x00007ffd9d95dbb0, 2)
open('/home/runner/.nimble/pkgcache/githubcom_adokitkatdnd', 622592, 0x0000000000000000)
rmdir('/home/runner/.nimble/pkgcache/githubcom_adokitkatdnd')
writev(1, 0x00007ffd9d95da60, 2)
mkdir(93967839901600, 0x00000000000001ff)
Error tracing process: readBytes(0x0000557697b7b7a0, 256) error: [Errno 5] Input/output error.
