      Info: Package cache path /home/runner/.nimble/pkgcache
     Info:  Nimble data file "/home/runner/.nimble/nimbledata2.json" has been loaded.
    Reading official package list
   Fetching https://github.com/ba0f3/dnsclient.nim using git
    Cloning latest tagged version: 0.3.4
open('/home/runner/.config/nimble/nimble.ini', 557056, 0x00000000000001b6)
writev(1, 0x00007ffc2f30baf0, 2)
open('/home/runner/.nimble/nimbledata2.json', 557056, 0x00000000000001b6)
writev(1, 0x00007ffc2f30bbc0, 2)
open('/home/runner/work/nim_packages_security_audit/nim_packages_security_audit', 622592, 0x0000000000000000)
open('/home/runner/work/nim_packages_security_audit/nim_packages_security_audit', 622592, 0x0000000000000000)
writev(1, 0x00007ffc2f30a910, 2)
open('/home/runner/.nimble/packages_official.json', 557056, 0x00000000000001b6)
mkdir('/home/', 0x00000000000001ff)
mkdir('/home/runner/', 0x00000000000001ff)
mkdir('/home/runner/.nimble/', 0x00000000000001ff)
mkdir('/home/runner/.nimble/pkgcache/', 0x00000000000001ff)
mkdir('/home/runner/.nimble/pkgcache/githubcom_ba0f3dnsclientnim', 0x00000000000001ff)
open('/home/runner/.nimble/pkgcache/githubcom_ba0f3dnsclientnim', 622592, 0x0000000000000000)
open('/home/runner/.nimble/pkgcache/githubcom_ba0f3dnsclientnim', 622592, 0x0000000000000000)
writev(1, 0x00007ffc2f30a730, 2)
open('/home/runner/.nimble/pkgcache/githubcom_ba0f3dnsclientnim', 622592, 0x0000000000000000)
rmdir('/home/runner/.nimble/pkgcache/githubcom_ba0f3dnsclientnim')
writev(1, 0x00007ffc2f30a5e0, 2)
mkdir(94515525486592, 0x00000000000001ff)
Error tracing process: readBytes(0x000055f61c528800, 256) error: [Errno 5] Input/output error.
