      Info: Package cache path /home/runner/.nimble/pkgcache
     Info:  Nimble data file "/home/runner/.nimble/nimbledata2.json" has been loaded.
    Reading official package list
   Fetching https://github.com/alaviss/dnsstamps using git
    Cloning latest tagged version: 0.1.0
open('/home/runner/.config/nimble/nimble.ini', 557056, 0x00000000000001b6)
writev(1, 0x00007fff66eaf380, 2)
open('/home/runner/.nimble/nimbledata2.json', 557056, 0x00000000000001b6)
writev(1, 0x00007fff66eaf450, 2)
open('/home/runner/work/nim_packages_security_audit/nim_packages_security_audit', 622592, 0x0000000000000000)
open('/home/runner/work/nim_packages_security_audit/nim_packages_security_audit', 622592, 0x0000000000000000)
writev(1, 0x00007fff66eae1a0, 2)
open('/home/runner/.nimble/packages_official.json', 557056, 0x00000000000001b6)
mkdir('/home/', 0x00000000000001ff)
mkdir('/home/runner/', 0x00000000000001ff)
mkdir('/home/runner/.nimble/', 0x00000000000001ff)
mkdir('/home/runner/.nimble/pkgcache/', 0x00000000000001ff)
mkdir('/home/runner/.nimble/pkgcache/githubcom_alavissdnsstamps', 0x00000000000001ff)
open('/home/runner/.nimble/pkgcache/githubcom_alavissdnsstamps', 622592, 0x0000000000000000)
open('/home/runner/.nimble/pkgcache/githubcom_alavissdnsstamps', 622592, 0x0000000000000000)
writev(1, 0x00007fff66eadfc0, 2)
open('/home/runner/.nimble/pkgcache/githubcom_alavissdnsstamps', 622592, 0x0000000000000000)
rmdir('/home/runner/.nimble/pkgcache/githubcom_alavissdnsstamps')
writev(1, 0x00007fff66eade70, 2)
mkdir(94092557699072, 0x00000000000001ff)
Error tracing process: readBytes(0x00005593a17a4800, 256) error: [Errno 5] Input/output error.
