      Info: Package cache path /home/runner/.nimble/pkgcache
     Info:  Nimble data file "/home/runner/.nimble/nimbledata2.json" has been loaded.
    Reading official package list
   Fetching https://github.com/thechampagne/dogapi-cli using git
    Cloning latest tagged version: v1.0.0
open('/home/runner/.config/nimble/nimble.ini', 557056, 0x00000000000001b6)
writev(1, 0x00007ffdb6273f20, 2)
open('/home/runner/.nimble/nimbledata2.json', 557056, 0x00000000000001b6)
writev(1, 0x00007ffdb6273ff0, 2)
open('/home/runner/work/nim_packages_security_audit/nim_packages_security_audit', 622592, 0x0000000000000000)
open('/home/runner/work/nim_packages_security_audit/nim_packages_security_audit', 622592, 0x0000000000000000)
writev(1, 0x00007ffdb6272d40, 2)
open('/home/runner/.nimble/packages_official.json', 557056, 0x00000000000001b6)
mkdir('/home/', 0x00000000000001ff)
mkdir('/home/runner/', 0x00000000000001ff)
mkdir('/home/runner/.nimble/', 0x00000000000001ff)
mkdir('/home/runner/.nimble/pkgcache/', 0x00000000000001ff)
mkdir('/home/runner/.nimble/pkgcache/githubcom_thechampagnedogapicli', 0x00000000000001ff)
open('/home/runner/.nimble/pkgcache/githubcom_thechampagnedogapicli', 622592, 0x0000000000000000)
open('/home/runner/.nimble/pkgcache/githubcom_thechampagnedogapicli', 622592, 0x0000000000000000)
writev(1, 0x00007ffdb6272b60, 2)
open('/home/runner/.nimble/pkgcache/githubcom_thechampagnedogapicli', 622592, 0x0000000000000000)
rmdir('/home/runner/.nimble/pkgcache/githubcom_thechampagnedogapicli')
writev(1, 0x00007ffdb6272a10, 2)
mkdir(94681496705040, 0x00000000000001ff)
Error tracing process: readBytes(0x0000561cc0fa5810, 256) error: [Errno 5] Input/output error.
