      Info: Package cache path /home/runner/.nimble/pkgcache
     Info:  Nimble data file "/home/runner/.nimble/nimbledata2.json" has been loaded.
    Reading official package list
   Fetching https://github.com/nimscale/dpdk using git
download.nim(214)        getTagsListRemote

    Error:  Unable to query remote tags for https://github.com/nimscale/dpdk . Git returned: remote: Repository not found.
        ... fatal: repository 'https://github.com/nimscale/dpdk/' not found
     Info:  Nimble data file "/home/runner/.nimble/nimbledata2.json" has been saved.
open('/home/runner/.config/nimble/nimble.ini', 557056, 0x00000000000001b6)
writev(1, 0x00007ffe38a0fff0, 2)
open('/home/runner/.nimble/nimbledata2.json', 557056, 0x00000000000001b6)
writev(1, 0x00007ffe38a100c0, 2)
open('/home/runner/work/nim_packages_security_audit/nim_packages_security_audit', 622592, 0x0000000000000000)
open('/home/runner/work/nim_packages_security_audit/nim_packages_security_audit', 622592, 0x0000000000000000)
writev(1, 0x00007ffe38a0ee10, 2)
open('/home/runner/.nimble/packages_official.json', 557056, 0x00000000000001b6)
mkdir('/home/', 0x00000000000001ff)
mkdir('/home/runner/', 0x00000000000001ff)
mkdir('/home/runner/.nimble/', 0x00000000000001ff)
mkdir('/home/runner/.nimble/pkgcache/', 0x00000000000001ff)
mkdir('/home/runner/.nimble/pkgcache/githubcom_nimscaledpdk', 0x00000000000001ff)
open('/home/runner/.nimble/pkgcache/githubcom_nimscaledpdk', 622592, 0x0000000000000000)
open('/home/runner/.nimble/pkgcache/githubcom_nimscaledpdk', 622592, 0x0000000000000000)
writev(1, 0x00007ffe38a0ec30, 2)
open('/home/runner/.nimble/pkgcache/githubcom_nimscaledpdk', 622592, 0x0000000000000000)
rmdir('/home/runner/.nimble/pkgcache/githubcom_nimscaledpdk')
writev(1, 0x00007ffe38a10220, 2)
writev(1, 0x00007ffe38a100b0, 2)
writev(1, 0x00007ffe38a100b0, 2)
open('/tmp/nimble_2818', 622592, 0x0000000000000000)
rmdir('/tmp/nimble_2818')
open('/home/runner/.nimble/nimbledata2.json', 557633, 0x00000000000001b6)
writev(3, 0x00007ffe38a101d0, 2)
writev(1, 0x00007ffe38a100b0, 2)
  create directory /home
  create directory /home/runner
  create directory /home/runner/.nimble
  create directory /home/runner/.nimble/pkgcache
  create directory /home/runner/.nimble/pkgcache/githubcom_nimscaledpdk
  delete /home/runner/.nimble/pkgcache/githubcom_nimscaledpdk
  delete /tmp/nimble_2818
  truncate file /home/runner/.nimble/nimbledata2.json
